../Core/Src/main.c:104:5:main	8	static
../Core/Src/main.c:152:6:SystemClock_Config	88	static
../Core/Src/main.c:198:13:MX_ETH_Init	8	static
../Core/Src/main.c:247:13:MX_USART3_UART_Init	8	static
../Core/Src/main.c:280:13:MX_USB_OTG_FS_PCD_Init	8	static
../Core/Src/main.c:313:13:MX_DMA_Init	16	static
../Core/Src/main.c:331:13:MX_GPIO_Init	56	static
../Core/Src/main.c:382:6:AudioDSP_Init	8	static
../Core/Src/main.c:397:6:AudioDSP_Task	8	static
../Core/Src/main.c:408:13:ProcessDWT	16	static
../Core/Src/main.c:427:13:SendDWTData	24	static
../Core/Src/main.c:447:6:HAL_UART_RxCpltCallback	16	static
../Core/Src/main.c:455:13:StartUartDmaReception	8	static
../Core/Src/main.c:459:6:HAL_UART_ErrorCallback	24	static
../Core/Src/main.c:473:6:Error_Handler	4	static,ignoring_inline_asm
