../Core/Src/main.c:92:5:main	8	static
../Core/Src/main.c:138:6:SystemClock_Config	96	static
../Core/Src/main.c:188:13:MX_USART2_UART_Init	8	static
../Core/Src/main.c:221:13:MX_DMA_Init	16	static
../Core/Src/main.c:239:13:MX_GPIO_Init	48	static
../Core/Src/main.c:272:6:AudioDSP_Init	8	static
../Core/Src/main.c:281:13:InitScales	24	static
../Core/Src/main.c:291:13:StartUartDmaReception	8	static
../Core/Src/main.c:296:6:HAL_UART_RxCpltCallback	16	static
../Core/Src/main.c:304:6:AudioDSP_Task	8	static
../Core/Src/main.c:317:13:ProcessCWT_F32	56	static
../Core/Src/main.c:340:13:SendScaleMatrix	16	static
../Core/Src/main.c:348:6:HAL_UART_ErrorCallback	16	static
../Core/Src/main.c:362:6:Error_Handler	4	static,ignoring_inline_asm
