../Core/wavelib_lib/wavelib.c:14:13:wave_init	40	static
../Core/wavelib_lib/wavelib.c:40:11:wt_init	40	static
../Core/wavelib_lib/wavelib.c:136:14:wtree_init	56	static
../Core/wavelib_lib/wavelib.c:198:12:wpt_init	64	static
../Core/wavelib_lib/wavelib.c:274:12:cwt_init	104	static
../Core/wavelib_lib/wavelib.c:369:12:wt2_init	56	static
../Core/wavelib_lib/wavelib.c:451:13:wconv	32	static
../Core/wavelib_lib/wavelib.c:472:13:dwt_per	48	static
../Core/wavelib_lib/wavelib.c:478:13:wtree_per	64	static
../Core/wavelib_lib/wavelib.c:534:13:dwpt_per	64	static
../Core/wavelib_lib/wavelib.c:590:13:dwt_sym	48	static
../Core/wavelib_lib/wavelib.c:595:13:wtree_sym	56	static
../Core/wavelib_lib/wavelib.c:624:13:dwpt_sym	56	static
../Core/wavelib_lib/wavelib.c:653:13:dwt1	56	static
../Core/wavelib_lib/wavelib.c:728:6:dwt	64	static
../Core/wavelib_lib/wavelib.c:845:13:getDWTRecCoeff	96	static
../Core/wavelib_lib/wavelib.c:986:9:getDWTmra	88	static
../Core/wavelib_lib/wavelib.c:1008:6:wtree	96	static
../Core/wavelib_lib/wavelib.c:1139:12:ipow2	24	static
../Core/wavelib_lib/wavelib.c:1150:6:dwpt	168	static
../Core/wavelib_lib/wavelib.c:1384:5:getWTREENodelength	24	static
../Core/wavelib_lib/wavelib.c:1400:5:getDWPTNodelength	24	static
../Core/wavelib_lib/wavelib.c:1416:6:getWTREECoeffs	40	static
../Core/wavelib_lib/wavelib.c:1455:6:getDWPTCoeffs	48	static
../Core/wavelib_lib/wavelib.c:1506:5:getCWTScaleLength	40	static
../Core/wavelib_lib/wavelib.c:1518:6:setCWTScales	56	static
../Core/wavelib_lib/wavelib.c:1544:6:setCWTScaleVector	48	static
../Core/wavelib_lib/wavelib.c:1560:6:setCWTPadding	16	static
../Core/wavelib_lib/wavelib.c:1569:6:cwt	96	static
../Core/wavelib_lib/wavelib.c:1601:6:icwt	88	static
../Core/wavelib_lib/wavelib.c:1624:13:idwt1	64	static
../Core/wavelib_lib/wavelib.c:1668:13:idwt_per	48	static
../Core/wavelib_lib/wavelib.c:1672:13:idwt_sym	48	static
../Core/wavelib_lib/wavelib.c:1677:6:idwt	112	static
../Core/wavelib_lib/wavelib.c:1840:13:idwpt_per	80	static
../Core/wavelib_lib/wavelib.c:1871:13:idwpt_sym	80	static
../Core/wavelib_lib/wavelib.c:1894:6:idwpt	120	static
../Core/wavelib_lib/wavelib.c:2172:13:swt_per	56	static
../Core/wavelib_lib/wavelib.c:2177:13:swt_fft	80	static
../Core/wavelib_lib/wavelib.c:2262:13:swt_direct	64	static
../Core/wavelib_lib/wavelib.c:2311:6:swt	16	static
../Core/wavelib_lib/wavelib.c:2324:13:getSWTRecCoeff	144	static
../Core/wavelib_lib/wavelib.c:2468:9:getSWTmra	80	static
../Core/wavelib_lib/wavelib.c:2490:6:iswt	144	static
../Core/wavelib_lib/wavelib.c:2635:13:modwt_per	72	static
../Core/wavelib_lib/wavelib.c:2669:13:modwt_direct	56	static
../Core/wavelib_lib/wavelib.c:2723:13:modwt_fft	128	static
../Core/wavelib_lib/wavelib.c:2852:6:modwt	16	static
../Core/wavelib_lib/wavelib.c:2865:13:conj_complex	32	static
../Core/wavelib_lib/wavelib.c:2873:13:getMODWTRecCoeff	80	static
../Core/wavelib_lib/wavelib.c:2943:9:getMODWTmra	144	static
../Core/wavelib_lib/wavelib.c:3066:6:imodwt_fft	128	static
../Core/wavelib_lib/wavelib.c:3179:13:imodwt_per	80	static
../Core/wavelib_lib/wavelib.c:3212:13:imodwt_direct	56	static
../Core/wavelib_lib/wavelib.c:3250:6:imodwt	16	static
../Core/wavelib_lib/wavelib.c:3264:6:setDWTExtension	16	static
../Core/wavelib_lib/wavelib.c:3277:6:setWTREEExtension	16	static
../Core/wavelib_lib/wavelib.c:3290:6:setDWPTExtension	16	static
../Core/wavelib_lib/wavelib.c:3303:6:setDWT2Extension	16	static
../Core/wavelib_lib/wavelib.c:3328:6:setDWPTEntropy	24	static
../Core/wavelib_lib/wavelib.c:3349:6:setWTConv	16	static
../Core/wavelib_lib/wavelib.c:3362:9:dwt2	144	static
../Core/wavelib_lib/wavelib.c:3509:6:idwt2	152	static
../Core/wavelib_lib/wavelib.c:3684:9:swt2	152	static
../Core/wavelib_lib/wavelib.c:3764:6:iswt2	168	static
../Core/wavelib_lib/wavelib.c:3852:9:modwt2	160	static
../Core/wavelib_lib/wavelib.c:3940:6:imodwt2	144	static
../Core/wavelib_lib/wavelib.c:4001:9:getWT2Coeffs	40	static
../Core/wavelib_lib/wavelib.c:4047:6:dispWT2Coeffs	32	static
../Core/wavelib_lib/wavelib.c:4060:6:wave_summary	24	static
../Core/wavelib_lib/wavelib.c:4093:6:wt_summary	32	static
../Core/wavelib_lib/wavelib.c:4126:6:wtree_summary	48	static
../Core/wavelib_lib/wavelib.c:4158:6:wpt_summary	48	static
../Core/wavelib_lib/wavelib.c:4199:6:cwt_summary	16	static
../Core/wavelib_lib/wavelib.c:4223:6:wt2_summary	48	static
../Core/wavelib_lib/wavelib.c:4264:6:wave_free	16	static
../Core/wavelib_lib/wavelib.c:4268:6:wt_free	16	static
../Core/wavelib_lib/wavelib.c:4272:6:wtree_free	16	static
../Core/wavelib_lib/wavelib.c:4276:6:wpt_free	16	static
../Core/wavelib_lib/wavelib.c:4280:6:cwt_free	16	static
../Core/wavelib_lib/wavelib.c:4284:6:wt2_free	16	static
