Archive member included to satisfy reference by file (symbol)

D:\Coso\U\IPD439\Proyecto\test_cwtf4\Core\dsplib\libarm_cortexM4lf_math.a(arm_rfft_fast_init_f32.o)
                              ./Core/Src/main.o (arm_rfft_fast_init_f32)
D:\Coso\U\IPD439\Proyecto\test_cwtf4\Core\dsplib\libarm_cortexM4lf_math.a(arm_rfft_fast_f32.o)
                              ./Core/Src/main.o (arm_rfft_fast_f32)
D:\Coso\U\IPD439\Proyecto\test_cwtf4\Core\dsplib\libarm_cortexM4lf_math.a(arm_cfft_f32.o)
                              D:\Coso\U\IPD439\Proyecto\test_cwtf4\Core\dsplib\libarm_cortexM4lf_math.a(arm_rfft_fast_f32.o) (arm_cfft_f32)
D:\Coso\U\IPD439\Proyecto\test_cwtf4\Core\dsplib\libarm_cortexM4lf_math.a(arm_mult_f32.o)
                              ./Core/Src/main.o (arm_mult_f32)
D:\Coso\U\IPD439\Proyecto\test_cwtf4\Core\dsplib\libarm_cortexM4lf_math.a(arm_common_tables.o)
                              D:\Coso\U\IPD439\Proyecto\test_cwtf4\Core\dsplib\libarm_cortexM4lf_math.a(arm_rfft_fast_init_f32.o) (twiddleCoef_rfft_4096)
D:\Coso\U\IPD439\Proyecto\test_cwtf4\Core\dsplib\libarm_cortexM4lf_math.a(arm_bitreversal2.o)
                              D:\Coso\U\IPD439\Proyecto\test_cwtf4\Core\dsplib\libarm_cortexM4lf_math.a(arm_cfft_f32.o) (arm_bitreversal_32)
D:\Coso\U\IPD439\Proyecto\test_cwtf4\Core\dsplib\libarm_cortexM4lf_math.a(arm_cfft_radix8_f32.o)
                              D:\Coso\U\IPD439\Proyecto\test_cwtf4\Core\dsplib\libarm_cortexM4lf_math.a(arm_cfft_f32.o) (arm_radix8_butterfly_f32)
D:/STM32CubeIDE_1.13.1/STM32CubeIDE/plugins/com.st.stm32cube.ide.mcu.externaltools.gnu-tools-for-stm32.11.3.rel1.win32_1.1.1.202309131626/tools/bin/../lib/gcc/arm-none-eabi/11.3.1/../../../../arm-none-eabi/lib/thumb/v7e-m+fp/hard\libc_nano.a(libc_a-exit.o)
                              D:/STM32CubeIDE_1.13.1/STM32CubeIDE/plugins/com.st.stm32cube.ide.mcu.externaltools.gnu-tools-for-stm32.11.3.rel1.win32_1.1.1.202309131626/tools/bin/../lib/gcc/arm-none-eabi/11.3.1/../../../../arm-none-eabi/lib/thumb/v7e-m+fp/hard/crt0.o (exit)
D:/STM32CubeIDE_1.13.1/STM32CubeIDE/plugins/com.st.stm32cube.ide.mcu.externaltools.gnu-tools-for-stm32.11.3.rel1.win32_1.1.1.202309131626/tools/bin/../lib/gcc/arm-none-eabi/11.3.1/../../../../arm-none-eabi/lib/thumb/v7e-m+fp/hard\libc_nano.a(libc_a-findfp.o)
                              D:/STM32CubeIDE_1.13.1/STM32CubeIDE/plugins/com.st.stm32cube.ide.mcu.externaltools.gnu-tools-for-stm32.11.3.rel1.win32_1.1.1.202309131626/tools/bin/../lib/gcc/arm-none-eabi/11.3.1/../../../../arm-none-eabi/lib/thumb/v7e-m+fp/hard\libc_nano.a(libc_a-exit.o) (__stdio_exit_handler)
D:/STM32CubeIDE_1.13.1/STM32CubeIDE/plugins/com.st.stm32cube.ide.mcu.externaltools.gnu-tools-for-stm32.11.3.rel1.win32_1.1.1.202309131626/tools/bin/../lib/gcc/arm-none-eabi/11.3.1/../../../../arm-none-eabi/lib/thumb/v7e-m+fp/hard\libc_nano.a(libc_a-fwalk.o)
                              D:/STM32CubeIDE_1.13.1/STM32CubeIDE/plugins/com.st.stm32cube.ide.mcu.externaltools.gnu-tools-for-stm32.11.3.rel1.win32_1.1.1.202309131626/tools/bin/../lib/gcc/arm-none-eabi/11.3.1/../../../../arm-none-eabi/lib/thumb/v7e-m+fp/hard\libc_nano.a(libc_a-findfp.o) (_fwalk_sglue)
D:/STM32CubeIDE_1.13.1/STM32CubeIDE/plugins/com.st.stm32cube.ide.mcu.externaltools.gnu-tools-for-stm32.11.3.rel1.win32_1.1.1.202309131626/tools/bin/../lib/gcc/arm-none-eabi/11.3.1/../../../../arm-none-eabi/lib/thumb/v7e-m+fp/hard\libc_nano.a(libc_a-stdio.o)
                              D:/STM32CubeIDE_1.13.1/STM32CubeIDE/plugins/com.st.stm32cube.ide.mcu.externaltools.gnu-tools-for-stm32.11.3.rel1.win32_1.1.1.202309131626/tools/bin/../lib/gcc/arm-none-eabi/11.3.1/../../../../arm-none-eabi/lib/thumb/v7e-m+fp/hard\libc_nano.a(libc_a-findfp.o) (__sread)
D:/STM32CubeIDE_1.13.1/STM32CubeIDE/plugins/com.st.stm32cube.ide.mcu.externaltools.gnu-tools-for-stm32.11.3.rel1.win32_1.1.1.202309131626/tools/bin/../lib/gcc/arm-none-eabi/11.3.1/../../../../arm-none-eabi/lib/thumb/v7e-m+fp/hard\libc_nano.a(libc_a-memset.o)
                              D:/STM32CubeIDE_1.13.1/STM32CubeIDE/plugins/com.st.stm32cube.ide.mcu.externaltools.gnu-tools-for-stm32.11.3.rel1.win32_1.1.1.202309131626/tools/bin/../lib/gcc/arm-none-eabi/11.3.1/../../../../arm-none-eabi/lib/thumb/v7e-m+fp/hard/crt0.o (memset)
D:/STM32CubeIDE_1.13.1/STM32CubeIDE/plugins/com.st.stm32cube.ide.mcu.externaltools.gnu-tools-for-stm32.11.3.rel1.win32_1.1.1.202309131626/tools/bin/../lib/gcc/arm-none-eabi/11.3.1/../../../../arm-none-eabi/lib/thumb/v7e-m+fp/hard\libc_nano.a(libc_a-closer.o)
                              D:/STM32CubeIDE_1.13.1/STM32CubeIDE/plugins/com.st.stm32cube.ide.mcu.externaltools.gnu-tools-for-stm32.11.3.rel1.win32_1.1.1.202309131626/tools/bin/../lib/gcc/arm-none-eabi/11.3.1/../../../../arm-none-eabi/lib/thumb/v7e-m+fp/hard\libc_nano.a(libc_a-stdio.o) (_close_r)
[...]
Memory Configuration

Name             Origin             Length             Attributes
CCMRAM           0x0000000010000000 0x0000000000010000 xrw
RAM              0x0000000020000000 0x0000000000030000 xrw
FLASH            0x0000000008000000 0x0000000000200000 xr
*default*        0x0000000000000000 0xffffffffffffffff

Linker script and memory map

LOAD D:/STM32CubeIDE_1.13.1/STM32CubeIDE/plugins/com.st.stm32cube.ide.mcu.externaltools.gnu-tools-for-stm32.11.3.rel1.win32_1.1.1.202309131626/tools/bin/../lib/gcc/arm-none-eabi/11.3.1/thumb/v7e-m+fp/hard/crti.o
LOAD D:/STM32CubeIDE_1.13.1/STM32CubeIDE/plugins/com.st.stm32cube.ide.mcu.externaltools.gnu-tools-for-stm32.11.3.rel1.win32_1.1.1.202309131626/tools/bin/../lib/gcc/arm-none-eabi/11.3.1/thumb/v7e-m+fp/hard/crtbegin.o
LOAD D:/STM32CubeIDE_1.13.1/STM32CubeIDE/plugins/com.st.stm32cube.ide.mcu.externaltools.gnu-tools-for-stm32.11.3.rel1.win32_1.1.1.202309131626/tools/bin/../lib/gcc/arm-none-eabi/11.3.1/../../../../arm-none-eabi/lib/thumb/v7e-m+fp/hard/crt0.o
LOAD ./Core/Src/main.o
LOAD ./Core/Src/stm32f4xx_hal_msp.o
LOAD ./Core/Src/stm32f4xx_it.o
LOAD ./Core/Src/syscalls.o
LOAD ./Core/Src/sysmem.o
LOAD ./Core/Src/system_stm32f4xx.o
LOAD ./Core/Startup/startup_stm32f439zitx.o
LOAD ./Drivers/STM32F4xx_HAL_Driver/Src/stm32f4xx_hal.o
LOAD ./Drivers/STM32F4xx_HAL_Driver/Src/stm32f4xx_hal_cortex.o
LOAD ./Drivers/STM32F4xx_HAL_Driver/Src/stm32f4xx_hal_dma.o
LOAD ./Drivers/STM32F4xx_HAL_Driver/Src/stm32f4xx_hal_dma_ex.o
LOAD ./Drivers/STM32F4xx_HAL_Driver/Src/stm32f4xx_hal_eth.o
LOAD ./Drivers/STM32F4xx_HAL_Driver/Src/stm32f4xx_hal_exti.o
LOAD ./Drivers/STM32F4xx_HAL_Driver/Src/stm32f4xx_hal_flash.o
LOAD ./Drivers/STM32F4xx_HAL_Driver/Src/stm32f4xx_hal_flash_ex.o
LOAD ./Drivers/STM32F4xx_HAL_Driver/Src/stm32f4xx_hal_flash_ramfunc.o
LOAD ./Drivers/STM32F4xx_HAL_Driver/Src/stm32f4xx_hal_gpio.o
LOAD ./Drivers/STM32F4xx_HAL_Driver/Src/stm32f4xx_hal_pcd.o
LOAD ./Drivers/STM32F4xx_HAL_Driver/Src/stm32f4xx_hal_pcd_ex.o
LOAD ./Drivers/STM32F4xx_HAL_Driver/Src/stm32f4xx_hal_pwr.o
LOAD ./Drivers/STM32F4xx_HAL_Driver/Src/stm32f4xx_hal_pwr_ex.o
LOAD ./Drivers/STM32F4xx_HAL_Driver/Src/stm32f4xx_hal_rcc.o
LOAD ./Drivers/STM32F4xx_HAL_Driver/Src/stm32f4xx_hal_rcc_ex.o
LOAD ./Drivers/STM32F4xx_HAL_Driver/Src/stm32f4xx_hal_tim.o
LOAD ./Drivers/STM32F4xx_HAL_Driver/Src/stm32f4xx_hal_tim_ex.o
LOAD ./Drivers/STM32F4xx_HAL_Driver/Src/stm32f4xx_hal_uart.o
LOAD ./Drivers/STM32F4xx_HAL_Driver/Src/stm32f4xx_ll_usb.o
LOAD D:\Coso\U\IPD439\Proyecto\test_cwtf4\Core\dsplib\libarm_cortexM4lf_math.a
START GROUP
LOAD D:/STM32CubeIDE_1.13.1/STM32CubeIDE/plugins/com.st.stm32cube.ide.mcu.externaltools.gnu-tools-for-stm32.11.3.rel1.win32_1.1.1.202309131626/tools/bin/../lib/gcc/arm-none-eabi/11.3.1/../../../../arm-none-eabi/lib/thumb/v7e-m+fp/hard\libc_nano.a
LOAD D:/STM32CubeIDE_1.13.1/STM32CubeIDE/plugins/com.st.stm32cube.ide.mcu.externaltools.gnu-tools-for-stm32.11.3.rel1.win32_1.1.1.202309131626/tools/bin/../lib/gcc/arm-none-eabi/11.3.1/../../../../arm-none-eabi/lib/thumb/v7e-m+fp/hard\libm.a
END GROUP
START GROUP
LOAD D:/STM32CubeIDE_1.13.1/STM32CubeIDE/plugins/com.st.stm32cube.ide.mcu.externaltools.gnu-tools-for-stm32.11.3.rel1.win32_1.1.1.202309131626/tools/bin/../lib/gcc/arm-none-eabi/11.3.1/thumb/v7e-m+fp/hard\libgcc.a
LOAD D:/STM32CubeIDE_1.13.1/STM32CubeIDE/plugins/com.st.stm32cube.ide.mcu.externaltools.gnu-tools-for-stm32.11.3.rel1.win32_1.1.1.202309131626/tools/bin/../lib/gcc/arm-none-eabi/11.3.1/../../../../arm-none-eabi/lib/thumb/v7e-m+fp/hard\libc_nano.a
END GROUP
START GROUP
LOAD D:/STM32CubeIDE_1.13.1/STM32CubeIDE/plugins/com.st.stm32cube.ide.mcu.externaltools.gnu-tools-for-stm32.11.3.rel1.win32_1.1.1.202309131626/tools/bin/../lib/gcc/arm-none-eabi/11.3.1/thumb/v7e-m+fp/hard\libgcc.a
LOAD D:/STM32CubeIDE_1.13.1/STM32CubeIDE/plugins/com.st.stm32cube.ide.mcu.externaltools.gnu-tools-for-stm32.11.3.rel1.win32_1.1.1.202309131626/tools/bin/../lib/gcc/arm-none-eabi/11.3.1/../../../../arm-none-eabi/lib/thumb/v7e-m+fp/hard\libc_nano.a
LOAD D:/STM32CubeIDE_1.13.1/STM32CubeIDE/plugins/com.st.stm32cube.ide.mcu.externaltools.gnu-tools-for-stm32.11.3.rel1.win32_1.1.1.202309131626/tools/bin/../lib/gcc/arm-none-eabi/11.3.1/../../../../arm-none-eabi/lib/thumb/v7e-m+fp/hard\libnosys.a
END GROUP
START GROUP
LOAD D:/STM32CubeIDE_1.13.1/STM32CubeIDE/plugins/com.st.stm32cube.ide.mcu.externaltools.gnu-tools-for-stm32.11.3.rel1.win32_1.1.1.202309131626/tools/bin/../lib/gcc/arm-none-eabi/11.3.1/thumb/v7e-m+fp/hard\libgcc.a
LOAD D:/STM32CubeIDE_1.13.1/STM32CubeIDE/plugins/com.st.stm32cube.ide.mcu.externaltools.gnu-tools-for-stm32.11.3.rel1.win32_1.1.1.202309131626/tools/bin/../lib/gcc/arm-none-eabi/11.3.1/../../../../arm-none-eabi/lib/thumb/v7e-m+fp/hard\libc_nano.a
LOAD D:/STM32CubeIDE_1.13.1/STM32CubeIDE/plugins/com.st.stm32cube.ide.mcu.externaltools.gnu-tools-for-stm32.11.3.rel1.win32_1.1.1.202309131626/tools/bin/../lib/gcc/arm-none-eabi/11.3.1/../../../../arm-none-eabi/lib/thumb/v7e-m+fp/hard\libnosys.a
END GROUP
LOAD D:/STM32CubeIDE_1.13.1/STM32CubeIDE/plugins/com.st.stm32cube.ide.mcu.externaltools.gnu-tools-for-stm32.11.3.rel1.win32_1.1.1.202309131626/tools/bin/../lib/gcc/arm-none-eabi/11.3.1/thumb/v7e-m+fp/hard/crtend.o
LOAD D:/STM32CubeIDE_1.13.1/STM32CubeIDE/plugins/com.st.stm32cube.ide.mcu.externaltools.gnu-tools-for-stm32.11.3.rel1.win32_1.1.1.202309131626/tools/bin/../lib/gcc/arm-none-eabi/11.3.1/thumb/v7e-m+fp/hard/crtn.o
                0x0000000020030000                _estack = (ORIGIN (RAM) + LENGTH (RAM))
                0x0000000000000200                _Min_Heap_Size = 0x200
                0x0000000000000400                _Min_Stack_Size = 0x400

.isr_vector     0x0000000008000000      0x1ac
                0x0000000008000000                . = ALIGN (0x4)
 *(.isr_vector)
 .isr_vector    0x0000000008000000      0x1ac ./Core/Startup/startup_stm32f439zitx.o
                0x0000000008000000                g_pfnVectors
                0x00000000080001ac                . = ALIGN (0x4)

.text           0x00000000080001ac     0x65ac
                0x00000000080001ac                . = ALIGN (0x4)
 *(.text)
 .text          0x00000000080001ac       0x40 D:/STM32CubeIDE_1.13.1/STM32CubeIDE/plugins/com.st.stm32cube.ide.mcu.externaltools.gnu-tools-for-stm32.11.3.rel1.win32_1.1.1.202309131626/tools/bin/../lib/gcc/arm-none-eabi/11.3.1/thumb/v7e-m+fp/hard/crtbegin.o
 .text          0x00000000080001ec       0xc0 D:\Coso\U\IPD439\Proyecto\test_cwtf4\Core\dsplib\libarm_cortexM4lf_math.a(arm_bitreversal2.o)
                0x00000000080001ec                arm_bitreversal_32
                0x0000000008000256                arm_bitreversal_16
 .text          0x00000000080002ac       0x30 D:/STM32CubeIDE_1.13.1/STM32CubeIDE/plugins/com.st.stm32cube.ide.mcu.externaltools.gnu-tools-for-stm32.11.3.rel1.win32_1.1.1.202309131626/tools/bin/../lib/gcc/arm-none-eabi/11.3.1/thumb/v7e-m+fp/hard\libgcc.a(_aeabi_uldivmod.o)
                0x00000000080002ac                __aeabi_uldivmod
 .text          0x00000000080002dc      0x2c8 D:/STM32CubeIDE_1.13.1/STM32CubeIDE/plugins/com.st.stm32cube.ide.mcu.externaltools.gnu-tools-for-stm32.11.3.rel1.win32_1.1.1.202309131626/tools/bin/../lib/gcc/arm-none-eabi/11.3.1/thumb/v7e-m+fp/hard\libgcc.a(_udivmoddi4.o)
                0x00000000080002dc                __udivmoddi4
 .text          0x00000000080005a4        0x4 D:/STM32CubeIDE_1.13.1/STM32CubeIDE/plugins/com.st.stm32cube.ide.mcu.externaltools.gnu-tools-for-stm32.11.3.rel1.win32_1.1.1.202309131626/tools/bin/../lib/gcc/arm-none-eabi/11.3.1/thumb/v7e-m+fp/hard\libgcc.a(_dvmd_tls.o)
                0x00000000080005a4                __aeabi_idiv0
                0x00000000080005a4                __aeabi_ldiv0
 *(.text*)
 .text.main     0x00000000080005a8       0x2a ./Core/Src/main.o
                0x00000000080005a8                main
 *fill*         0x00000000080005d2        0x2 
 .text.SystemClock_Config
                0x00000000080005d4       0xd4 ./Core/Src/main.o
                0x00000000080005d4                SystemClock_Config
 .text.MX_ETH_Init
                0x00000000080006a8       0x9c ./Core/Src/main.o
 .text.MX_USART3_UART_Init
                0x0000000008000744       0x54 ./Core/Src/main.o
 .text.MX_USB_OTG_FS_PCD_Init
                0x0000000008000798       0x5c ./Core/Src/main.o
 .text.MX_DMA_Init
                0x00000000080007f4       0x40 ./Core/Src/main.o
 .text.MX_GPIO_Init
                0x0000000008000834      0x15c ./Core/Src/main.o
 .text.AudioDSP_Init
                0x0000000008000990       0x40 ./Core/Src/main.o
                0x0000000008000990                AudioDSP_Init
 .text.InitHanningWindow
                0x00000000080009d0       0x70 ./Core/Src/main.o
 .text.StartUartDmaReception
                0x0000000008000a40       0x1c ./Core/Src/main.o
 .text.HAL_UART_RxCpltCallback
                0x0000000008000a5c       0x2c ./Core/Src/main.o
                0x0000000008000a5c                HAL_UART_RxCpltCallback
 .text.AudioDSP_Task
                0x0000000008000a88       0x28 ./Core/Src/main.o
                0x0000000008000a88                AudioDSP_Task
 .text.Process1sPseudoCWT_F32
                0x0000000008000ab0      0x18c ./Core/Src/main.o
 .text.SendBandMatrix
                0x0000000008000c3c       0x3c ./Core/Src/main.o
 .text.HAL_UART_ErrorCallback
                0x0000000008000c78       0x40 ./Core/Src/main.o
                0x0000000008000c78                HAL_UART_ErrorCallback
 .text.Error_Handler
                0x0000000008000cb8        0xa ./Core/Src/main.o
                0x0000000008000cb8                Error_Handler
 *fill*         0x0000000008000cc2        0x2 
 .text.HAL_MspInit
                0x0000000008000cc4       0x50 ./Core/Src/stm32f4xx_hal_msp.o
                0x0000000008000cc4                HAL_MspInit
 .text.HAL_ETH_MspInit
                0x0000000008000d14      0x18c ./Core/Src/stm32f4xx_hal_msp.o
                0x0000000008000d14                HAL_ETH_MspInit
 .text.HAL_UART_MspInit
                0x0000000008000ea0      0x108 ./Core/Src/stm32f4xx_hal_msp.o
                0x0000000008000ea0                HAL_UART_MspInit
 .text.HAL_PCD_MspInit
                0x0000000008000fa8       0xb4 ./Core/Src/stm32f4xx_hal_msp.o
                0x0000000008000fa8                HAL_PCD_MspInit
 .text.NMI_Handler
                0x000000000800105c        0x6 ./Core/Src/stm32f4xx_it.o
                0x000000000800105c                NMI_Handler
 .text.HardFault_Handler
                0x0000000008001062        0x6 ./Core/Src/stm32f4xx_it.o
                0x0000000008001062                HardFault_Handler
 .text.MemManage_Handler
                0x0000000008001068        0x6 ./Core/Src/stm32f4xx_it.o
                0x0000000008001068                MemManage_Handler
 .text.BusFault_Handler
                0x000000000800106e        0x6 ./Core/Src/stm32f4xx_it.o
                0x000000000800106e                BusFault_Handler
 .text.UsageFault_Handler
                0x0000000008001074        0x6 ./Core/Src/stm32f4xx_it.o
                0x0000000008001074                UsageFault_Handler
 .text.SVC_Handler
                0x000000000800107a        0xe ./Core/Src/stm32f4xx_it.o
                0x000000000800107a                SVC_Handler
 .text.DebugMon_Handler
                0x0000000008001088        0xe ./Core/Src/stm32f4xx_it.o
                0x0000000008001088                DebugMon_Handler
 .text.PendSV_Handler
                0x0000000008001096        0xe ./Core/Src/stm32f4xx_it.o
                0x0000000008001096                PendSV_Handler
 .text.SysTick_Handler
                0x00000000080010a4        0xc ./Core/Src/stm32f4xx_it.o
                0x00000000080010a4                SysTick_Handler
 .text.DMA1_Stream1_IRQHandler
                0x00000000080010b0       0x14 ./Core/Src/stm32f4xx_it.o
                0x00000000080010b0                DMA1_Stream1_IRQHandler
 .text.USART3_IRQHandler
                0x00000000080010c4       0x14 ./Core/Src/stm32f4xx_it.o
                0x00000000080010c4                USART3_IRQHandler
 .text.SystemInit
                0x00000000080010d8       0x24 ./Core/Src/system_stm32f4xx.o
                0x00000000080010d8                SystemInit
 .text.Reset_Handler
                0x00000000080010fc       0x50 ./Core/Startup/startup_stm32f439zitx.o
                0x00000000080010fc                Reset_Handler
 .text.Default_Handler
                0x000000000800114c        0x2 ./Core/Startup/startup_stm32f439zitx.o
                0x000000000800114c                RTC_Alarm_IRQHandler
                0x000000000800114c                HASH_RNG_IRQHandler
                0x000000000800114c                EXTI2_IRQHandler
                0x000000000800114c                TIM8_CC_IRQHandler
                0x000000000800114c                UART8_IRQHandler
                0x000000000800114c                SPI4_IRQHandler
                0x000000000800114c                TIM1_CC_IRQHandler
                0x000000000800114c                DMA2_Stream5_IRQHandler
                0x000000000800114c                DMA1_Stream5_IRQHandler
                0x000000000800114c                PVD_IRQHandler
                0x000000000800114c                SDIO_IRQHandler
                0x000000000800114c                TAMP_STAMP_IRQHandler
                0x000000000800114c                CAN2_RX1_IRQHandler
                0x000000000800114c                EXTI3_IRQHandler
                0x000000000800114c                TIM8_TRG_COM_TIM14_IRQHandler
                0x000000000800114c                TIM1_UP_TIM10_IRQHandler
                0x000000000800114c                TIM8_UP_TIM13_IRQHandler
                0x000000000800114c                I2C3_ER_IRQHandler
                0x000000000800114c                EXTI0_IRQHandler
                0x000000000800114c                I2C2_EV_IRQHandler
                0x000000000800114c                DMA1_Stream2_IRQHandler
                0x000000000800114c                CAN1_RX0_IRQHandler
                0x000000000800114c                FPU_IRQHandler
                0x000000000800114c                OTG_HS_WKUP_IRQHandler
                0x000000000800114c                LTDC_ER_IRQHandler
                0x000000000800114c                CAN2_SCE_IRQHandler
                0x000000000800114c                DMA2_Stream2_IRQHandler
                0x000000000800114c                SPI1_IRQHandler
                0x000000000800114c                TIM6_DAC_IRQHandler
                0x000000000800114c                TIM1_BRK_TIM9_IRQHandler
                0x000000000800114c                DCMI_IRQHandler
                0x000000000800114c                CAN2_RX0_IRQHandler
                0x000000000800114c                DMA2_Stream3_IRQHandler
                0x000000000800114c                USART6_IRQHandler
                0x000000000800114c                CRYP_IRQHandler
                0x000000000800114c                CAN1_RX1_IRQHandler
                0x000000000800114c                UART5_IRQHandler
                0x000000000800114c                DMA2_Stream0_IRQHandler
                0x000000000800114c                TIM4_IRQHandler
                0x000000000800114c                I2C1_EV_IRQHandler
                0x000000000800114c                DMA1_Stream6_IRQHandler
                0x000000000800114c                UART4_IRQHandler
                0x000000000800114c                TIM3_IRQHandler
                0x000000000800114c                RCC_IRQHandler
                0x000000000800114c                TIM8_BRK_TIM12_IRQHandler
                0x000000000800114c                Default_Handler
                0x000000000800114c                EXTI15_10_IRQHandler
                0x000000000800114c                ADC_IRQHandler
                0x000000000800114c                DMA1_Stream7_IRQHandler
                0x000000000800114c                SPI5_IRQHandler
                0x000000000800114c                TIM7_IRQHandler
                0x000000000800114c                CAN2_TX_IRQHandler
                0x000000000800114c                TIM5_IRQHandler
                0x000000000800114c                DMA2_Stream7_IRQHandler
                0x000000000800114c                I2C3_EV_IRQHandler
                0x000000000800114c                EXTI9_5_IRQHandler
                0x000000000800114c                RTC_WKUP_IRQHandler
                0x000000000800114c                LTDC_IRQHandler
                0x000000000800114c                ETH_WKUP_IRQHandler
                0x000000000800114c                SPI2_IRQHandler
                0x000000000800114c                OTG_HS_EP1_IN_IRQHandler
                0x000000000800114c                DMA1_Stream0_IRQHandler
                0x000000000800114c                CAN1_TX_IRQHandler
                0x000000000800114c                EXTI4_IRQHandler
                0x000000000800114c                ETH_IRQHandler
                0x000000000800114c                OTG_HS_EP1_OUT_IRQHandler
                0x000000000800114c                WWDG_IRQHandler
                0x000000000800114c                SPI6_IRQHandler
                0x000000000800114c                TIM2_IRQHandler
                0x000000000800114c                OTG_FS_WKUP_IRQHandler
                0x000000000800114c                TIM1_TRG_COM_TIM11_IRQHandler
                0x000000000800114c                OTG_HS_IRQHandler
                0x000000000800114c                DMA2D_IRQHandler
                0x000000000800114c                EXTI1_IRQHandler
                0x000000000800114c                UART7_IRQHandler
                0x000000000800114c                USART2_IRQHandler
                0x000000000800114c                I2C2_ER_IRQHandler
                0x000000000800114c                DMA2_Stream1_IRQHandler
                0x000000000800114c                CAN1_SCE_IRQHandler
                0x000000000800114c                FLASH_IRQHandler
                0x000000000800114c                DMA2_Stream4_IRQHandler
                0x000000000800114c                USART1_IRQHandler
                0x000000000800114c                OTG_FS_IRQHandler
                0x000000000800114c                SPI3_IRQHandler
                0x000000000800114c                DMA1_Stream4_IRQHandler
                0x000000000800114c                I2C1_ER_IRQHandler
                0x000000000800114c                FMC_IRQHandler
                0x000000000800114c                DMA2_Stream6_IRQHandler
                0x000000000800114c                SAI1_IRQHandler
                0x000000000800114c                DMA1_Stream3_IRQHandler
 *fill*         0x000000000800114e        0x2 
 .text.HAL_Init
                0x0000000008001150       0x44 ./Drivers/STM32F4xx_HAL_Driver/Src/stm32f4xx_hal.o
                0x0000000008001150                HAL_Init
 .text.HAL_InitTick
                0x0000000008001194       0x60 ./Drivers/STM32F4xx_HAL_Driver/Src/stm32f4xx_hal.o
                0x0000000008001194                HAL_InitTick
 .text.HAL_IncTick
                0x00000000080011f4       0x28 ./Drivers/STM32F4xx_HAL_Driver/Src/stm32f4xx_hal.o
                0x00000000080011f4                HAL_IncTick
 .text.HAL_GetTick
                0x000000000800121c       0x18 ./Drivers/STM32F4xx_HAL_Driver/Src/stm32f4xx_hal.o
                0x000000000800121c                HAL_GetTick
 .text.HAL_Delay
                0x0000000008001234       0x48 ./Drivers/STM32F4xx_HAL_Driver/Src/stm32f4xx_hal.o
                0x0000000008001234                HAL_Delay
 .text.__NVIC_SetPriorityGrouping
                0x000000000800127c       0x48 ./Drivers/STM32F4xx_HAL_Driver/Src/stm32f4xx_hal_cortex.o
 .text.__NVIC_GetPriorityGrouping
                0x00000000080012c4       0x1c ./Drivers/STM32F4xx_HAL_Driver/Src/stm32f4xx_hal_cortex.o
 .text.__NVIC_EnableIRQ
                0x00000000080012e0       0x3c ./Drivers/STM32F4xx_HAL_Driver/Src/stm32f4xx_hal_cortex.o
 .text.__NVIC_SetPriority
                0x000000000800131c       0x54 ./Drivers/STM32F4xx_HAL_Driver/Src/stm32f4xx_hal_cortex.o
 .text.NVIC_EncodePriority
                0x0000000008001370       0x66 ./Drivers/STM32F4xx_HAL_Driver/Src/stm32f4xx_hal_cortex.o
 *fill*         0x00000000080013d6        0x2 
 .text.SysTick_Config
                0x00000000080013d8       0x44 ./Drivers/STM32F4xx_HAL_Driver/Src/stm32f4xx_hal_cortex.o
 .text.HAL_NVIC_SetPriorityGrouping
                0x000000000800141c       0x16 ./Drivers/STM32F4xx_HAL_Driver/Src/stm32f4xx_hal_cortex.o
                0x000000000800141c                HAL_NVIC_SetPriorityGrouping
 .text.HAL_NVIC_SetPriority
                0x0000000008001432       0x38 ./Drivers/STM32F4xx_HAL_Driver/Src/stm32f4xx_hal_cortex.o
                0x0000000008001432                HAL_NVIC_SetPriority
 .text.HAL_NVIC_EnableIRQ
                0x000000000800146a       0x1c ./Drivers/STM32F4xx_HAL_Driver/Src/stm32f4xx_hal_cortex.o
                0x000000000800146a                HAL_NVIC_EnableIRQ
 .text.HAL_SYSTICK_Config
                0x0000000008001486       0x18 ./Drivers/STM32F4xx_HAL_Driver/Src/stm32f4xx_hal_cortex.o
                0x0000000008001486                HAL_SYSTICK_Config
 *fill*         0x000000000800149e        0x2 
 .text.HAL_DMA_Init
                0x00000000080014a0      0x15c ./Drivers/STM32F4xx_HAL_Driver/Src/stm32f4xx_hal_dma.o
                0x00000000080014a0                HAL_DMA_Init
 .text.HAL_DMA_Start_IT
                0x00000000080015fc       0xb0 ./Drivers/STM32F4xx_HAL_Driver/Src/stm32f4xx_hal_dma.o
                0x00000000080015fc                HAL_DMA_Start_IT
 .text.HAL_DMA_Abort
                0x00000000080016ac       0xe0 ./Drivers/STM32F4xx_HAL_Driver/Src/stm32f4xx_hal_dma.o
                0x00000000080016ac                HAL_DMA_Abort
 .text.HAL_DMA_Abort_IT
                0x000000000800178c       0x44 ./Drivers/STM32F4xx_HAL_Driver/Src/stm32f4xx_hal_dma.o
                0x000000000800178c                HAL_DMA_Abort_IT
 .text.HAL_DMA_IRQHandler
                0x00000000080017d0      0x314 ./Drivers/STM32F4xx_HAL_Driver/Src/stm32f4xx_hal_dma.o
                0x00000000080017d0                HAL_DMA_IRQHandler
 .text.DMA_SetConfig
                0x0000000008001ae4       0x5c ./Drivers/STM32F4xx_HAL_Driver/Src/stm32f4xx_hal_dma.o
 .text.DMA_CalcBaseAndBitshift
                0x0000000008001b40       0x6c ./Drivers/STM32F4xx_HAL_Driver/Src/stm32f4xx_hal_dma.o
 .text.DMA_CheckFifoParam
                0x0000000008001bac       0xf8 ./Drivers/STM32F4xx_HAL_Driver/Src/stm32f4xx_hal_dma.o
 .text.HAL_ETH_Init
                0x0000000008001ca4       0xfc ./Drivers/STM32F4xx_HAL_Driver/Src/stm32f4xx_hal_eth.o
                0x0000000008001ca4                HAL_ETH_Init
 .text.ETH_SetMACConfig
                0x0000000008001da0      0x160 ./Drivers/STM32F4xx_HAL_Driver/Src/stm32f4xx_hal_eth.o
 .text.ETH_SetDMAConfig
                0x0000000008001f00      0x114 ./Drivers/STM32F4xx_HAL_Driver/Src/stm32f4xx_hal_eth.o
 .text.ETH_MACDMAConfig
                0x0000000008002014       0xe4 ./Drivers/STM32F4xx_HAL_Driver/Src/stm32f4xx_hal_eth.o
 .text.ETH_MACAddressConfig
                0x00000000080020f8       0x70 ./Drivers/STM32F4xx_HAL_Driver/Src/stm32f4xx_hal_eth.o
 .text.ETH_DMATxDescListInit
                0x0000000008002168       0xb2 ./Drivers/STM32F4xx_HAL_Driver/Src/stm32f4xx_hal_eth.o
 .text.ETH_DMARxDescListInit
                0x000000000800221a       0xda ./Drivers/STM32F4xx_HAL_Driver/Src/stm32f4xx_hal_eth.o
 .text.HAL_GPIO_Init
                0x00000000080022f4      0x358 ./Drivers/STM32F4xx_HAL_Driver/Src/stm32f4xx_hal_gpio.o
                0x00000000080022f4                HAL_GPIO_Init
 .text.HAL_GPIO_WritePin
                0x000000000800264c       0x32 ./Drivers/STM32F4xx_HAL_Driver/Src/stm32f4xx_hal_gpio.o
                0x000000000800264c                HAL_GPIO_WritePin
 .text.HAL_PCD_Init
                0x000000000800267e      0x23a ./Drivers/STM32F4xx_HAL_Driver/Src/stm32f4xx_hal_pcd.o
                0x000000000800267e                HAL_PCD_Init
 .text.HAL_RCC_OscConfig
                0x00000000080028b8      0x4f0 ./Drivers/STM32F4xx_HAL_Driver/Src/stm32f4xx_hal_rcc.o
                0x00000000080028b8                HAL_RCC_OscConfig
 .text.HAL_RCC_ClockConfig
                0x0000000008002da8      0x1cc ./Drivers/STM32F4xx_HAL_Driver/Src/stm32f4xx_hal_rcc.o
                0x0000000008002da8                HAL_RCC_ClockConfig
 .text.HAL_RCC_GetSysClockFreq
                0x0000000008002f74      0x20c ./Drivers/STM32F4xx_HAL_Driver/Src/stm32f4xx_hal_rcc.o
                0x0000000008002f74                HAL_RCC_GetSysClockFreq
 .text.HAL_RCC_GetHCLKFreq
                0x0000000008003180       0x18 ./Drivers/STM32F4xx_HAL_Driver/Src/stm32f4xx_hal_rcc.o
                0x0000000008003180                HAL_RCC_GetHCLKFreq
 .text.HAL_RCC_GetPCLK1Freq
                0x0000000008003198       0x28 ./Drivers/STM32F4xx_HAL_Driver/Src/stm32f4xx_hal_rcc.o
                0x0000000008003198                HAL_RCC_GetPCLK1Freq
 .text.HAL_RCC_GetPCLK2Freq
                0x00000000080031c0       0x28 ./Drivers/STM32F4xx_HAL_Driver/Src/stm32f4xx_hal_rcc.o
                0x00000000080031c0                HAL_RCC_GetPCLK2Freq
 .text.HAL_UART_Init
                0x00000000080031e8       0x9a ./Drivers/STM32F4xx_HAL_Driver/Src/stm32f4xx_hal_uart.o
                0x00000000080031e8                HAL_UART_Init
 .text.HAL_UART_Transmit
                0x0000000008003282      0x124 ./Drivers/STM32F4xx_HAL_Driver/Src/stm32f4xx_hal_uart.o
                0x0000000008003282                HAL_UART_Transmit
 .text.HAL_UART_Receive_DMA
                0x00000000080033a6       0x60 ./Drivers/STM32F4xx_HAL_Driver/Src/stm32f4xx_hal_uart.o
                0x00000000080033a6                HAL_UART_Receive_DMA
 *fill*         0x0000000008003406        0x2 
 .text.HAL_UART_IRQHandler
                0x0000000008003408      0x51c ./Drivers/STM32F4xx_HAL_Driver/Src/stm32f4xx_hal_uart.o
                0x0000000008003408                HAL_UART_IRQHandler
 .text.HAL_UART_TxCpltCallback
                0x0000000008003924       0x14 ./Drivers/STM32F4xx_HAL_Driver/Src/stm32f4xx_hal_uart.o
                0x0000000008003924                HAL_UART_TxCpltCallback
 .text.HAL_UART_RxHalfCpltCallback
                0x0000000008003938       0x14 ./Drivers/STM32F4xx_HAL_Driver/Src/stm32f4xx_hal_uart.o
                0x0000000008003938                HAL_UART_RxHalfCpltCallback
 .text.HAL_UARTEx_RxEventCallback
                0x000000000800394c       0x18 ./Drivers/STM32F4xx_HAL_Driver/Src/stm32f4xx_hal_uart.o
                0x000000000800394c                HAL_UARTEx_RxEventCallback
 .text.UART_DMAReceiveCplt
                0x0000000008003964      0x126 ./Drivers/STM32F4xx_HAL_Driver/Src/stm32f4xx_hal_uart.o
 .text.UART_DMARxHalfCplt
                0x0000000008003a8a       0x36 ./Drivers/STM32F4xx_HAL_Driver/Src/stm32f4xx_hal_uart.o
 .text.UART_DMAError
                0x0000000008003ac0       0x94 ./Drivers/STM32F4xx_HAL_Driver/Src/stm32f4xx_hal_uart.o
 .text.UART_WaitOnFlagUntilTimeout
                0x0000000008003b54       0xdc ./Drivers/STM32F4xx_HAL_Driver/Src/stm32f4xx_hal_uart.o
 .text.UART_Start_Receive_DMA
                0x0000000008003c30      0x13c ./Drivers/STM32F4xx_HAL_Driver/Src/stm32f4xx_hal_uart.o
                0x0000000008003c30                UART_Start_Receive_DMA
 .text.UART_EndTxTransfer
                0x0000000008003d6c       0x50 ./Drivers/STM32F4xx_HAL_Driver/Src/stm32f4xx_hal_uart.o
 .text.UART_EndRxTransfer
                0x0000000008003dbc       0xc6 ./Drivers/STM32F4xx_HAL_Driver/Src/stm32f4xx_hal_uart.o
 .text.UART_DMAAbortOnError
                0x0000000008003e82       0x28 ./Drivers/STM32F4xx_HAL_Driver/Src/stm32f4xx_hal_uart.o
 .text.UART_Transmit_IT
                0x0000000008003eaa       0xa0 ./Drivers/STM32F4xx_HAL_Driver/Src/stm32f4xx_hal_uart.o
 .text.UART_EndTransmit_IT
                0x0000000008003f4a       0x30 ./Drivers/STM32F4xx_HAL_Driver/Src/stm32f4xx_hal_uart.o
 .text.UART_Receive_IT
                0x0000000008003f7a      0x176 ./Drivers/STM32F4xx_HAL_Driver/Src/stm32f4xx_hal_uart.o
 .text.UART_SetConfig
                0x00000000080040f0      0x4e8 ./Drivers/STM32F4xx_HAL_Driver/Src/stm32f4xx_hal_uart.o
 .text.USB_CoreInit
                0x00000000080045d8       0xc2 ./Drivers/STM32F4xx_HAL_Driver/Src/stm32f4xx_ll_usb.o
                0x00000000080045d8                USB_CoreInit
 .text.USB_DisableGlobalInt
                0x000000000800469a       0x22 ./Drivers/STM32F4xx_HAL_Driver/Src/stm32f4xx_ll_usb.o
                0x000000000800469a                USB_DisableGlobalInt
 .text.USB_SetCurrentMode
                0x00000000080046bc       0x98 ./Drivers/STM32F4xx_HAL_Driver/Src/stm32f4xx_ll_usb.o
                0x00000000080046bc                USB_SetCurrentMode
 .text.USB_DevInit
                0x0000000008004754      0x2c8 ./Drivers/STM32F4xx_HAL_Driver/Src/stm32f4xx_ll_usb.o
                0x0000000008004754                USB_DevInit
 .text.USB_FlushTxFifo
                0x0000000008004a1c       0x68 ./Drivers/STM32F4xx_HAL_Driver/Src/stm32f4xx_ll_usb.o
                0x0000000008004a1c                USB_FlushTxFifo
 .text.USB_FlushRxFifo
                0x0000000008004a84       0x60 ./Drivers/STM32F4xx_HAL_Driver/Src/stm32f4xx_ll_usb.o
                0x0000000008004a84                USB_FlushRxFifo
 .text.USB_SetDevSpeed
                0x0000000008004ae4       0x32 ./Drivers/STM32F4xx_HAL_Driver/Src/stm32f4xx_ll_usb.o
                0x0000000008004ae4                USB_SetDevSpeed
 .text.USB_DevDisconnect
                0x0000000008004b16       0x42 ./Drivers/STM32F4xx_HAL_Driver/Src/stm32f4xx_ll_usb.o
                0x0000000008004b16                USB_DevDisconnect
 .text.USB_GetMode
                0x0000000008004b58       0x1c ./Drivers/STM32F4xx_HAL_Driver/Src/stm32f4xx_ll_usb.o
                0x0000000008004b58                USB_GetMode
 .text.USB_CoreReset
                0x0000000008004b74       0x68 ./Drivers/STM32F4xx_HAL_Driver/Src/stm32f4xx_ll_usb.o
 .text.arm_rfft_fast_init_f32
                0x0000000008004bdc      0x104 D:\Coso\U\IPD439\Proyecto\test_cwtf4\Core\dsplib\libarm_cortexM4lf_math.a(arm_rfft_fast_init_f32.o)
                0x0000000008004bdc                arm_rfft_fast_init_f32
 .text.arm_rfft_fast_f32
                0x0000000008004ce0      0x188 D:\Coso\U\IPD439\Proyecto\test_cwtf4\Core\dsplib\libarm_cortexM4lf_math.a(arm_rfft_fast_f32.o)
                0x0000000008004ce0                arm_rfft_fast_f32
 .text.arm_cfft_radix8by2_f32
                0x0000000008004e68      0x1a0 D:\Coso\U\IPD439\Proyecto\test_cwtf4\Core\dsplib\libarm_cortexM4lf_math.a(arm_cfft_f32.o)
                0x0000000008004e68                arm_cfft_radix8by2_f32
 .text.arm_cfft_radix8by4_f32
                0x0000000008005008      0x4bc D:\Coso\U\IPD439\Proyecto\test_cwtf4\Core\dsplib\libarm_cortexM4lf_math.a(arm_cfft_f32.o)
                0x0000000008005008                arm_cfft_radix8by4_f32
 .text.arm_cfft_f32
                0x00000000080054c4       0xf4 D:\Coso\U\IPD439\Proyecto\test_cwtf4\Core\dsplib\libarm_cortexM4lf_math.a(arm_cfft_f32.o)
                0x00000000080054c4                arm_cfft_f32
 .text.arm_mult_f32
                0x00000000080055b8       0x8c D:\Coso\U\IPD439\Proyecto\test_cwtf4\Core\dsplib\libarm_cortexM4lf_math.a(arm_mult_f32.o)
                0x00000000080055b8                arm_mult_f32
 .text.arm_radix8_butterfly_f32
                0x0000000008005644      0x5e4 D:\Coso\U\IPD439\Proyecto\test_cwtf4\Core\dsplib\libarm_cortexM4lf_math.a(arm_cfft_radix8_f32.o)
                0x0000000008005644                arm_radix8_butterfly_f32
 .text.memset   0x0000000008005c28       0x10 D:/STM32CubeIDE_1.13.1/STM32CubeIDE/plugins/com.st.stm32cube.ide.mcu.externaltools.gnu-tools-for-stm32.11.3.rel1.win32_1.1.1.202309131626/tools/bin/../lib/gcc/arm-none-eabi/11.3.1/../../../../arm-none-eabi/lib/thumb/v7e-m+fp/hard\libc_nano.a(libc_a-memset.o)
                0x0000000008005c28                memset
 .text.__errno  0x0000000008005c38        0xc D:/STM32CubeIDE_1.13.1/STM32CubeIDE/plugins/com.st.stm32cube.ide.mcu.externaltools.gnu-tools-for-stm32.11.3.rel1.win32_1.1.1.202309131626/tools/bin/../lib/gcc/arm-none-eabi/11.3.1/../../../../arm-none-eabi/lib/thumb/v7e-m+fp/hard\libc_nano.a(libc_a-errno.o)
                0x0000000008005c38                __errno
 .text.__libc_init_array
                0x0000000008005c44       0x48 D:/STM32CubeIDE_1.13.1/STM32CubeIDE/plugins/com.st.stm32cube.ide.mcu.externaltools.gnu-tools-for-stm32.11.3.rel1.win32_1.1.1.202309131626/tools/bin/../lib/gcc/arm-none-eabi/11.3.1/../../../../arm-none-eabi/lib/thumb/v7e-m+fp/hard\libc_nano.a(libc_a-init.o)
                0x0000000008005c44                __libc_init_array
 .text.sqrtf    0x0000000008005c8c       0x3c D:/STM32CubeIDE_1.13.1/STM32CubeIDE/plugins/com.st.stm32cube.ide.mcu.externaltools.gnu-tools-for-stm32.11.3.rel1.win32_1.1.1.202309131626/tools/bin/../lib/gcc/arm-none-eabi/11.3.1/../../../../arm-none-eabi/lib/thumb/v7e-m+fp/hard\libm.a(libm_a-wf_sqrt.o)
                0x0000000008005c8c                sqrtf
 .text.cosf     0x0000000008005cc8       0x88 D:/STM32CubeIDE_1.13.1/STM32CubeIDE/plugins/com.st.stm32cube.ide.mcu.externaltools.gnu-tools-for-stm32.11.3.rel1.win32_1.1.1.202309131626/tools/bin/../lib/gcc/arm-none-eabi/11.3.1/../../../../arm-none-eabi/lib/thumb/v7e-m+fp/hard\libm.a(libm_a-sf_cos.o)
                0x0000000008005cc8                cosf
 .text.__ieee754_sqrtf
                0x0000000008005d50        0x6 D:/STM32CubeIDE_1.13.1/STM32CubeIDE/plugins/com.st.stm32cube.ide.mcu.externaltools.gnu-tools-for-stm32.11.3.rel1.win32_1.1.1.202309131626/tools/bin/../lib/gcc/arm-none-eabi/11.3.1/../../../../arm-none-eabi/lib/thumb/v7e-m+fp/hard\libm.a(libm_a-ef_sqrt.o)
                0x0000000008005d50                __ieee754_sqrtf
 *fill*         0x0000000008005d56        0x2 
 .text.__kernel_cosf
                0x0000000008005d58       0xbc D:/STM32CubeIDE_1.13.1/STM32CubeIDE/plugins/com.st.stm32cube.ide.mcu.externaltools.gnu-tools-for-stm32.11.3.rel1.win32_1.1.1.202309131626/tools/bin/../lib/gcc/arm-none-eabi/11.3.1/../../../../arm-none-eabi/lib/thumb/v7e-m+fp/hard\libm.a(libm_a-kf_cos.o)
                0x0000000008005d58                __kernel_cosf
 .text.__kernel_sinf
                0x0000000008005e14       0x90 D:/STM32CubeIDE_1.13.1/STM32CubeIDE/plugins/com.st.stm32cube.ide.mcu.externaltools.gnu-tools-for-stm32.11.3.rel1.win32_1.1.1.202309131626/tools/bin/../lib/gcc/arm-none-eabi/11.3.1/../../../../arm-none-eabi/lib/thumb/v7e-m+fp/hard\libm.a(libm_a-kf_sin.o)
                0x0000000008005e14                __kernel_sinf
 .text.__ieee754_rem_pio2f
                0x0000000008005ea4      0x258 D:/STM32CubeIDE_1.13.1/STM32CubeIDE/plugins/com.st.stm32cube.ide.mcu.externaltools.gnu-tools-for-stm32.11.3.rel1.win32_1.1.1.202309131626/tools/bin/../lib/gcc/arm-none-eabi/11.3.1/../../../../arm-none-eabi/lib/thumb/v7e-m+fp/hard\libm.a(libm_a-ef_rem_pio2.o)
                0x0000000008005ea4                __ieee754_rem_pio2f
 .text.fabsf    0x00000000080060fc        0xe D:/STM32CubeIDE_1.13.1/STM32CubeIDE/plugins/com.st.stm32cube.ide.mcu.externaltools.gnu-tools-for-stm32.11.3.rel1.win32_1.1.1.202309131626/tools/bin/../lib/gcc/arm-none-eabi/11.3.1/../../../../arm-none-eabi/lib/thumb/v7e-m+fp/hard\libm.a(libm_a-sf_fabs.o)
                0x00000000080060fc                fabsf
 *fill*         0x000000000800610a        0x2 
 .text.__kernel_rem_pio2f
                0x000000000800610c      0x4e4 D:/STM32CubeIDE_1.13.1/STM32CubeIDE/plugins/com.st.stm32cube.ide.mcu.externaltools.gnu-tools-for-stm32.11.3.rel1.win32_1.1.1.202309131626/tools/bin/../lib/gcc/arm-none-eabi/11.3.1/../../../../arm-none-eabi/lib/thumb/v7e-m+fp/hard\libm.a(libm_a-kf_rem_pio2.o)
                0x000000000800610c                __kernel_rem_pio2f
 .text.scalbnf  0x00000000080065f0       0xcc D:/STM32CubeIDE_1.13.1/STM32CubeIDE/plugins/com.st.stm32cube.ide.mcu.externaltools.gnu-tools-for-stm32.11.3.rel1.win32_1.1.1.202309131626/tools/bin/../lib/gcc/arm-none-eabi/11.3.1/../../../../arm-none-eabi/lib/thumb/v7e-m+fp/hard\libm.a(libm_a-sf_scalbn.o)
                0x00000000080065f0                scalbnf
 .text.floorf   0x00000000080066bc       0x84 D:/STM32CubeIDE_1.13.1/STM32CubeIDE/plugins/com.st.stm32cube.ide.mcu.externaltools.gnu-tools-for-stm32.11.3.rel1.win32_1.1.1.202309131626/tools/bin/../lib/gcc/arm-none-eabi/11.3.1/../../../../arm-none-eabi/lib/thumb/v7e-m+fp/hard\libm.a(libm_a-sf_floor.o)
                0x00000000080066bc                floorf
 *(.glue_7)
 .glue_7        0x0000000008006740        0x0 linker stubs
 *(.glue_7t)
 .glue_7t       0x0000000008006740        0x0 linker stubs
 *(.eh_frame)
 .eh_frame      0x0000000008006740        0x0 D:/STM32CubeIDE_1.13.1/STM32CubeIDE/plugins/com.st.stm32cube.ide.mcu.externaltools.gnu-tools-for-stm32.11.3.rel1.win32_1.1.1.202309131626/tools/bin/../lib/gcc/arm-none-eabi/11.3.1/thumb/v7e-m+fp/hard/crtbegin.o
 *(.init)
 .init          0x0000000008006740        0x4 D:/STM32CubeIDE_1.13.1/STM32CubeIDE/plugins/com.st.stm32cube.ide.mcu.externaltools.gnu-tools-for-stm32.11.3.rel1.win32_1.1.1.202309131626/tools/bin/../lib/gcc/arm-none-eabi/11.3.1/thumb/v7e-m+fp/hard/crti.o
                0x0000000008006740                _init
 .init          0x0000000008006744        0x8 D:/STM32CubeIDE_1.13.1/STM32CubeIDE/plugins/com.st.stm32cube.ide.mcu.externaltools.gnu-tools-for-stm32.11.3.rel1.win32_1.1.1.202309131626/tools/bin/../lib/gcc/arm-none-eabi/11.3.1/thumb/v7e-m+fp/hard/crtn.o
 *(.fini)
 .fini          0x000000000800674c        0x4 D:/STM32CubeIDE_1.13.1/STM32CubeIDE/plugins/com.st.stm32cube.ide.mcu.externaltools.gnu-tools-for-stm32.11.3.rel1.win32_1.1.1.202309131626/tools/bin/../lib/gcc/arm-none-eabi/11.3.1/thumb/v7e-m+fp/hard/crti.o
                0x000000000800674c                _fini
 .fini          0x0000000008006750        0x8 D:/STM32CubeIDE_1.13.1/STM32CubeIDE/plugins/com.st.stm32cube.ide.mcu.externaltools.gnu-tools-for-stm32.11.3.rel1.win32_1.1.1.202309131626/tools/bin/../lib/gcc/arm-none-eabi/11.3.1/thumb/v7e-m+fp/hard/crtn.o
                0x0000000008006758                . = ALIGN (0x4)
                0x0000000008006758                _etext = .

.vfp11_veneer   0x0000000008006758        0x0
 .vfp11_veneer  0x0000000008006758        0x0 linker stubs

.v4_bx          0x0000000008006758        0x0
 .v4_bx         0x0000000008006758        0x0 linker stubs

.iplt           0x0000000008006758        0x0
 .iplt          0x0000000008006758        0x0 D:/STM32CubeIDE_1.13.1/STM32CubeIDE/plugins/com.st.stm32cube.ide.mcu.externaltools.gnu-tools-for-stm32.11.3.rel1.win32_1.1.1.202309131626/tools/bin/../lib/gcc/arm-none-eabi/11.3.1/thumb/v7e-m+fp/hard/crtbegin.o

.rodata         0x0000000008006758    0x138a8
                0x0000000008006758                . = ALIGN (0x4)
 *(.rodata)
 *(.rodata*)
 .rodata.bands  0x0000000008006758       0x60 ./Core/Src/main.o
 .rodata.AHBPrescTable
                0x00000000080067b8       0x10 ./Core/Src/system_stm32f4xx.o
                0x00000000080067b8                AHBPrescTable
 .rodata.APBPrescTable
                0x00000000080067c8        0x8 ./Core/Src/system_stm32f4xx.o
                0x00000000080067c8                APBPrescTable
 .rodata.flagBitshiftOffset.0
                0x00000000080067d0        0x8 ./Drivers/STM32F4xx_HAL_Driver/Src/stm32f4xx_hal_dma.o
 .rodata.twiddleCoef_2048
                0x00000000080067d8     0x4000 D:\Coso\U\IPD439\Proyecto\test_cwtf4\Core\dsplib\libarm_cortexM4lf_math.a(arm_common_tables.o)
                0x00000000080067d8                twiddleCoef_2048
 .rodata.twiddleCoef_rfft_64
                0x000000000800a7d8      0x100 D:\Coso\U\IPD439\Proyecto\test_cwtf4\Core\dsplib\libarm_cortexM4lf_math.a(arm_common_tables.o)
                0x000000000800a7d8                twiddleCoef_rfft_64
 .rodata.armBitRevIndexTable64
                0x000000000800a8d8       0x70 D:\Coso\U\IPD439\Proyecto\test_cwtf4\Core\dsplib\libarm_cortexM4lf_math.a(arm_common_tables.o)
                0x000000000800a8d8                armBitRevIndexTable64
 .rodata.twiddleCoef_rfft_2048
                0x000000000800a948     0x2000 D:\Coso\U\IPD439\Proyecto\test_cwtf4\Core\dsplib\libarm_cortexM4lf_math.a(arm_common_tables.o)
                0x000000000800a948                twiddleCoef_rfft_2048
 .rodata.twiddleCoef_rfft_4096
                0x000000000800c948     0x4000 D:\Coso\U\IPD439\Proyecto\test_cwtf4\Core\dsplib\libarm_cortexM4lf_math.a(arm_common_tables.o)
                0x000000000800c948                twiddleCoef_rfft_4096
 .rodata.twiddleCoef_256
                0x0000000008010948      0x800 D:\Coso\U\IPD439\Proyecto\test_cwtf4\Core\dsplib\libarm_cortexM4lf_math.a(arm_common_tables.o)
                0x0000000008010948                twiddleCoef_256
 .rodata.twiddleCoef_16
                0x0000000008011148       0x80 D:\Coso\U\IPD439\Proyecto\test_cwtf4\Core\dsplib\libarm_cortexM4lf_math.a(arm_common_tables.o)
                0x0000000008011148                twiddleCoef_16
 .rodata.twiddleCoef_1024
                0x00000000080111c8     0x2000 D:\Coso\U\IPD439\Proyecto\test_cwtf4\Core\dsplib\libarm_cortexM4lf_math.a(arm_common_tables.o)
                0x00000000080111c8                twiddleCoef_1024
 .rodata.twiddleCoef_32
                0x00000000080131c8      0x100 D:\Coso\U\IPD439\Proyecto\test_cwtf4\Core\dsplib\libarm_cortexM4lf_math.a(arm_common_tables.o)
                0x00000000080131c8                twiddleCoef_32
 .rodata.armBitRevIndexTable1024
                0x00000000080132c8      0xe10 D:\Coso\U\IPD439\Proyecto\test_cwtf4\Core\dsplib\libarm_cortexM4lf_math.a(arm_common_tables.o)
                0x00000000080132c8                armBitRevIndexTable1024
 .rodata.armBitRevIndexTable16
                0x00000000080140d8       0x28 D:\Coso\U\IPD439\Proyecto\test_cwtf4\Core\dsplib\libarm_cortexM4lf_math.a(arm_common_tables.o)
                0x00000000080140d8                armBitRevIndexTable16
 .rodata.twiddleCoef_rfft_32
                0x0000000008014100       0x80 D:\Coso\U\IPD439\Proyecto\test_cwtf4\Core\dsplib\libarm_cortexM4lf_math.a(arm_common_tables.o)
                0x0000000008014100                twiddleCoef_rfft_32
 .rodata.armBitRevIndexTable32
                0x0000000008014180       0x60 D:\Coso\U\IPD439\Proyecto\test_cwtf4\Core\dsplib\libarm_cortexM4lf_math.a(arm_common_tables.o)
                0x0000000008014180                armBitRevIndexTable32
 .rodata.twiddleCoef_128
                0x00000000080141e0      0x400 D:\Coso\U\IPD439\Proyecto\test_cwtf4\Core\dsplib\libarm_cortexM4lf_math.a(arm_common_tables.o)
                0x00000000080141e0                twiddleCoef_128
 .rodata.twiddleCoef_512
                0x00000000080145e0     0x1000 D:\Coso\U\IPD439\Proyecto\test_cwtf4\Core\dsplib\libarm_cortexM4lf_math.a(arm_common_tables.o)
                0x00000000080145e0                twiddleCoef_512
 .rodata.armBitRevIndexTable2048
                0x00000000080155e0     0x1dc0 D:\Coso\U\IPD439\Proyecto\test_cwtf4\Core\dsplib\libarm_cortexM4lf_math.a(arm_common_tables.o)
                0x00000000080155e0                armBitRevIndexTable2048
 .rodata.twiddleCoef_64
                0x00000000080173a0      0x200 D:\Coso\U\IPD439\Proyecto\test_cwtf4\Core\dsplib\libarm_cortexM4lf_math.a(arm_common_tables.o)
                0x00000000080173a0                twiddleCoef_64
 .rodata.twiddleCoef_rfft_512
                0x00000000080175a0      0x800 D:\Coso\U\IPD439\Proyecto\test_cwtf4\Core\dsplib\libarm_cortexM4lf_math.a(arm_common_tables.o)
                0x00000000080175a0                twiddleCoef_rfft_512
 .rodata.armBitRevIndexTable512
                0x0000000008017da0      0x380 D:\Coso\U\IPD439\Proyecto\test_cwtf4\Core\dsplib\libarm_cortexM4lf_math.a(arm_common_tables.o)
                0x0000000008017da0                armBitRevIndexTable512
 .rodata.twiddleCoef_rfft_1024
                0x0000000008018120     0x1000 D:\Coso\U\IPD439\Proyecto\test_cwtf4\Core\dsplib\libarm_cortexM4lf_math.a(arm_common_tables.o)
                0x0000000008018120                twiddleCoef_rfft_1024
 .rodata.twiddleCoef_rfft_256
                0x0000000008019120      0x400 D:\Coso\U\IPD439\Proyecto\test_cwtf4\Core\dsplib\libarm_cortexM4lf_math.a(arm_common_tables.o)
                0x0000000008019120                twiddleCoef_rfft_256
 .rodata.armBitRevIndexTable256
                0x0000000008019520      0x370 D:\Coso\U\IPD439\Proyecto\test_cwtf4\Core\dsplib\libarm_cortexM4lf_math.a(arm_common_tables.o)
                0x0000000008019520                armBitRevIndexTable256
 .rodata.twiddleCoef_rfft_128
                0x0000000008019890      0x200 D:\Coso\U\IPD439\Proyecto\test_cwtf4\Core\dsplib\libarm_cortexM4lf_math.a(arm_common_tables.o)
                0x0000000008019890                twiddleCoef_rfft_128
 .rodata.armBitRevIndexTable128
                0x0000000008019a90      0x1a0 D:\Coso\U\IPD439\Proyecto\test_cwtf4\Core\dsplib\libarm_cortexM4lf_math.a(arm_common_tables.o)
                0x0000000008019a90                armBitRevIndexTable128
 .rodata.npio2_hw
                0x0000000008019c30       0x80 D:/STM32CubeIDE_1.13.1/STM32CubeIDE/plugins/com.st.stm32cube.ide.mcu.externaltools.gnu-tools-for-stm32.11.3.rel1.win32_1.1.1.202309131626/tools/bin/../lib/gcc/arm-none-eabi/11.3.1/../../../../arm-none-eabi/lib/thumb/v7e-m+fp/hard\libm.a(libm_a-ef_rem_pio2.o)
 .rodata.two_over_pi
                0x0000000008019cb0      0x318 D:/STM32CubeIDE_1.13.1/STM32CubeIDE/plugins/com.st.stm32cube.ide.mcu.externaltools.gnu-tools-for-stm32.11.3.rel1.win32_1.1.1.202309131626/tools/bin/../lib/gcc/arm-none-eabi/11.3.1/../../../../arm-none-eabi/lib/thumb/v7e-m+fp/hard\libm.a(libm_a-ef_rem_pio2.o)
 .rodata.PIo2   0x0000000008019fc8       0x2c D:/STM32CubeIDE_1.13.1/STM32CubeIDE/plugins/com.st.stm32cube.ide.mcu.externaltools.gnu-tools-for-stm32.11.3.rel1.win32_1.1.1.202309131626/tools/bin/../lib/gcc/arm-none-eabi/11.3.1/../../../../arm-none-eabi/lib/thumb/v7e-m+fp/hard\libm.a(libm_a-kf_rem_pio2.o)
 .rodata.init_jk
                0x0000000008019ff4        0xc D:/STM32CubeIDE_1.13.1/STM32CubeIDE/plugins/com.st.stm32cube.ide.mcu.externaltools.gnu-tools-for-stm32.11.3.rel1.win32_1.1.1.202309131626/tools/bin/../lib/gcc/arm-none-eabi/11.3.1/../../../../arm-none-eabi/lib/thumb/v7e-m+fp/hard\libm.a(libm_a-kf_rem_pio2.o)
                0x000000000801a000                . = ALIGN (0x4)

.ARM.extab      0x000000000801a000        0x0
                0x000000000801a000                . = ALIGN (0x4)
 *(.ARM.extab* .gnu.linkonce.armextab.*)
                0x000000000801a000                . = ALIGN (0x4)

.ARM            0x000000000801a000        0x8
                0x000000000801a000                . = ALIGN (0x4)
                0x000000000801a000                __exidx_start = .
 *(.ARM.exidx*)
 .ARM.exidx     0x000000000801a000        0x8 D:/STM32CubeIDE_1.13.1/STM32CubeIDE/plugins/com.st.stm32cube.ide.mcu.externaltools.gnu-tools-for-stm32.11.3.rel1.win32_1.1.1.202309131626/tools/bin/../lib/gcc/arm-none-eabi/11.3.1/thumb/v7e-m+fp/hard\libgcc.a(_udivmoddi4.o)
                0x000000000801a008                __exidx_end = .
                0x000000000801a008                . = ALIGN (0x4)

.rel.dyn        0x000000000801a008        0x0
 .rel.iplt      0x000000000801a008        0x0 D:/STM32CubeIDE_1.13.1/STM32CubeIDE/plugins/com.st.stm32cube.ide.mcu.externaltools.gnu-tools-for-stm32.11.3.rel1.win32_1.1.1.202309131626/tools/bin/../lib/gcc/arm-none-eabi/11.3.1/thumb/v7e-m+fp/hard/crtbegin.o

.preinit_array  0x000000000801a008        0x0
                0x000000000801a008                . = ALIGN (0x4)
                0x000000000801a008                PROVIDE (__preinit_array_start = .)
 *(.preinit_array*)
                0x000000000801a008                PROVIDE (__preinit_array_end = .)
                0x000000000801a008                . = ALIGN (0x4)

.init_array     0x000000000801a008        0x4
                0x000000000801a008                . = ALIGN (0x4)
                0x000000000801a008                PROVIDE (__init_array_start = .)
 *(SORT_BY_NAME(.init_array.*))
 *(.init_array*)
 .init_array    0x000000000801a008        0x4 D:/STM32CubeIDE_1.13.1/STM32CubeIDE/plugins/com.st.stm32cube.ide.mcu.externaltools.gnu-tools-for-stm32.11.3.rel1.win32_1.1.1.202309131626/tools/bin/../lib/gcc/arm-none-eabi/11.3.1/thumb/v7e-m+fp/hard/crtbegin.o
                0x000000000801a00c                PROVIDE (__init_array_end = .)
                0x000000000801a00c                . = ALIGN (0x4)

.fini_array     0x000000000801a00c        0x4
                0x000000000801a00c                . = ALIGN (0x4)
                [!provide]                        PROVIDE (__fini_array_start = .)
 *(SORT_BY_NAME(.fini_array.*))
 *(.fini_array*)
 .fini_array    0x000000000801a00c        0x4 D:/STM32CubeIDE_1.13.1/STM32CubeIDE/plugins/com.st.stm32cube.ide.mcu.externaltools.gnu-tools-for-stm32.11.3.rel1.win32_1.1.1.202309131626/tools/bin/../lib/gcc/arm-none-eabi/11.3.1/thumb/v7e-m+fp/hard/crtbegin.o
                [!provide]                        PROVIDE (__fini_array_end = .)
                0x000000000801a010                . = ALIGN (0x4)
                0x000000000801a010                _sidata = LOADADDR (.data)

.data           0x0000000020000000       0x5c load address 0x000000000801a010
                0x0000000020000000                . = ALIGN (0x4)
                0x0000000020000000                _sdata = .
 *(.data)
 *(.data*)
 .data.SystemCoreClock
                0x0000000020000000        0x4 ./Core/Src/system_stm32f4xx.o
                0x0000000020000000                SystemCoreClock
 .data.uwTickPrio
                0x0000000020000004        0x4 ./Drivers/STM32F4xx_HAL_Driver/Src/stm32f4xx_hal.o
                0x0000000020000004                uwTickPrio
 .data.uwTickFreq
                0x0000000020000008        0x1 ./Drivers/STM32F4xx_HAL_Driver/Src/stm32f4xx_hal.o
                0x0000000020000008                uwTickFreq
 *fill*         0x0000000020000009        0x3 
 .data._impure_data
                0x000000002000000c       0x4c D:/STM32CubeIDE_1.13.1/STM32CubeIDE/plugins/com.st.stm32cube.ide.mcu.externaltools.gnu-tools-for-stm32.11.3.rel1.win32_1.1.1.202309131626/tools/bin/../lib/gcc/arm-none-eabi/11.3.1/../../../../arm-none-eabi/lib/thumb/v7e-m+fp/hard\libc_nano.a(libc_a-impure.o)
                0x000000002000000c                _impure_data
 .data._impure_ptr
                0x0000000020000058        0x4 D:/STM32CubeIDE_1.13.1/STM32CubeIDE/plugins/com.st.stm32cube.ide.mcu.externaltools.gnu-tools-for-stm32.11.3.rel1.win32_1.1.1.202309131626/tools/bin/../lib/gcc/arm-none-eabi/11.3.1/../../../../arm-none-eabi/lib/thumb/v7e-m+fp/hard\libc_nano.a(libc_a-impure.o)
                0x0000000020000058                _impure_ptr
 *(.RamFunc)
 *(.RamFunc*)
                0x000000002000005c                . = ALIGN (0x4)
                0x000000002000005c                _edata = .
                0x000000000801a06c                _siccmram = LOADADDR (.ccmram)

.igot.plt       0x000000002000005c        0x0 load address 0x000000000801a06c
 .igot.plt      0x000000002000005c        0x0 D:/STM32CubeIDE_1.13.1/STM32CubeIDE/plugins/com.st.stm32cube.ide.mcu.externaltools.gnu-tools-for-stm32.11.3.rel1.win32_1.1.1.202309131626/tools/bin/../lib/gcc/arm-none-eabi/11.3.1/thumb/v7e-m+fp/hard/crtbegin.o

.ccmram         0x0000000010000000        0x0 load address 0x000000000801a06c
                0x0000000010000000                . = ALIGN (0x4)
                0x0000000010000000                _sccmram = .
 *(.ccmram)
 *(.ccmram*)
                0x0000000010000000                . = ALIGN (0x4)
                0x0000000010000000                _eccmram = .
                0x0000000010000000                . = ALIGN (0x4)

.bss            0x000000002000005c     0xc2d4
                0x000000002000005c                _sbss = .
                0x000000002000005c                __bss_start__ = _sbss
 *(.bss)
 .bss           0x000000002000005c       0x1c D:/STM32CubeIDE_1.13.1/STM32CubeIDE/plugins/com.st.stm32cube.ide.mcu.externaltools.gnu-tools-for-stm32.11.3.rel1.win32_1.1.1.202309131626/tools/bin/../lib/gcc/arm-none-eabi/11.3.1/thumb/v7e-m+fp/hard/crtbegin.o
 *(.bss*)
 .bss.TxConfig  0x0000000020000078       0x38 ./Core/Src/main.o
                0x0000000020000078                TxConfig
 .bss.DMARxDscrTab
                0x00000000200000b0       0xa0 ./Core/Src/main.o
                0x00000000200000b0                DMARxDscrTab
 .bss.DMATxDscrTab
                0x0000000020000150       0xa0 ./Core/Src/main.o
                0x0000000020000150                DMATxDscrTab
 .bss.heth      0x00000000200001f0       0xb0 ./Core/Src/main.o
                0x00000000200001f0                heth
 .bss.huart3    0x00000000200002a0       0x44 ./Core/Src/main.o
                0x00000000200002a0                huart3
 .bss.hdma_usart3_rx
                0x00000000200002e4       0x60 ./Core/Src/main.o
                0x00000000200002e4                hdma_usart3_rx
 .bss.hpcd_USB_OTG_FS
                0x0000000020000344      0x50c ./Core/Src/main.o
                0x0000000020000344                hpcd_USB_OTG_FS
 .bss.pcm16_1s  0x0000000020000850     0x7d00 ./Core/Src/main.o
 .bss.oneSecondReady
                0x0000000020008550        0x1 ./Core/Src/main.o
 *fill*         0x0000000020008551        0x3 
 .bss.fftIn     0x0000000020008554      0x400 ./Core/Src/main.o
 .bss.fftOut    0x0000000020008954      0x400 ./Core/Src/main.o
 .bss.magOut    0x0000000020008d54      0x200 ./Core/Src/main.o
 .bss.hanningWindow
                0x0000000020008f54      0x400 ./Core/Src/main.o
 .bss.bandEnergy
                0x0000000020009354     0x2e80 ./Core/Src/main.o
 .bss.rfft_f32  0x000000002000c1d4       0x18 ./Core/Src/main.o
 .bss.MACAddr.0
                0x000000002000c1ec        0x6 ./Core/Src/main.o
 *fill*         0x000000002000c1f2        0x2 
 .bss.uwTick    0x000000002000c1f4        0x4 ./Drivers/STM32F4xx_HAL_Driver/Src/stm32f4xx_hal.o
                0x000000002000c1f4                uwTick
 .bss.__sf      0x000000002000c1f8      0x138 D:/STM32CubeIDE_1.13.1/STM32CubeIDE/plugins/com.st.stm32cube.ide.mcu.externaltools.gnu-tools-for-stm32.11.3.rel1.win32_1.1.1.202309131626/tools/bin/../lib/gcc/arm-none-eabi/11.3.1/../../../../arm-none-eabi/lib/thumb/v7e-m+fp/hard\libc_nano.a(libc_a-findfp.o)
                0x000000002000c1f8                __sf
 *(COMMON)
                0x000000002000c330                . = ALIGN (0x4)
                0x000000002000c330                _ebss = .
                0x000000002000c330                __bss_end__ = _ebss

._user_heap_stack
                0x000000002000c330      0x600
                0x000000002000c330                . = ALIGN (0x8)
                [!provide]                        PROVIDE (end = .)
                0x000000002000c330                PROVIDE (_end = .)
                0x000000002000c530                . = (. + _Min_Heap_Size)
 *fill*         0x000000002000c330      0x200 
                0x000000002000c930                . = (. + _Min_Stack_Size)
 *fill*         0x000000002000c530      0x400 
                0x000000002000c930                . = ALIGN (0x8)

/DISCARD/
 libc.a(*)
 libm.a(*)
 libgcc.a(*)

.ARM.attributes
                0x0000000000000000       0x30
 *(.ARM.attributes)
 .ARM.attributes
                0x0000000000000000       0x1e D:/STM32CubeIDE_1.13.1/STM32CubeIDE/plugins/com.st.stm32cube.ide.mcu.externaltools.gnu-tools-for-stm32.11.3.rel1.win32_1.1.1.202309131626/tools/bin/../lib/gcc/arm-none-eabi/11.3.1/thumb/v7e-m+fp/hard/crti.o
 .ARM.attributes
                0x000000000000001e       0x34 D:/STM32CubeIDE_1.13.1/STM32CubeIDE/plugins/com.st.stm32cube.ide.mcu.externaltools.gnu-tools-for-stm32.11.3.rel1.win32_1.1.1.202309131626/tools/bin/../lib/gcc/arm-none-eabi/11.3.1/thumb/v7e-m+fp/hard/crtbegin.o
 .ARM.attributes
                0x0000000000000052       0x34 ./Core/Src/main.o
 .ARM.attributes
                0x0000000000000086       0x34 ./Core/Src/stm32f4xx_hal_msp.o
 .ARM.attributes
                0x00000000000000ba       0x34 ./Core/Src/stm32f4xx_it.o
 .ARM.attributes
                0x00000000000000ee       0x34 ./Core/Src/system_stm32f4xx.o
 .ARM.attributes
                0x0000000000000122       0x21 ./Core/Startup/startup_stm32f439zitx.o
 .ARM.attributes
                0x0000000000000143       0x34 ./Drivers/STM32F4xx_HAL_Driver/Src/stm32f4xx_hal.o
 .ARM.attributes
                0x0000000000000177       0x34 ./Drivers/STM32F4xx_HAL_Driver/Src/stm32f4xx_hal_cortex.o
 .ARM.attributes
                0x00000000000001ab       0x34 ./Drivers/STM32F4xx_HAL_Driver/Src/stm32f4xx_hal_dma.o
 .ARM.attributes
                0x00000000000001df       0x34 ./Drivers/STM32F4xx_HAL_Driver/Src/stm32f4xx_hal_eth.o
 .ARM.attributes
                0x0000000000000213       0x34 ./Drivers/STM32F4xx_HAL_Driver/Src/stm32f4xx_hal_gpio.o
 .ARM.attributes
                0x0000000000000247       0x34 ./Drivers/STM32F4xx_HAL_Driver/Src/stm32f4xx_hal_pcd.o
 .ARM.attributes
                0x000000000000027b       0x34 ./Drivers/STM32F4xx_HAL_Driver/Src/stm32f4xx_hal_rcc.o
 .ARM.attributes
                0x00000000000002af       0x34 ./Drivers/STM32F4xx_HAL_Driver/Src/stm32f4xx_hal_uart.o
 .ARM.attributes
                0x00000000000002e3       0x34 ./Drivers/STM32F4xx_HAL_Driver/Src/stm32f4xx_ll_usb.o
 .ARM.attributes
                0x0000000000000317       0x39 D:\Coso\U\IPD439\Proyecto\test_cwtf4\Core\dsplib\libarm_cortexM4lf_math.a(arm_rfft_fast_init_f32.o)
 .ARM.attributes
                0x0000000000000350       0x39 D:\Coso\U\IPD439\Proyecto\test_cwtf4\Core\dsplib\libarm_cortexM4lf_math.a(arm_rfft_fast_f32.o)
 .ARM.attributes
                0x0000000000000389       0x39 D:\Coso\U\IPD439\Proyecto\test_cwtf4\Core\dsplib\libarm_cortexM4lf_math.a(arm_cfft_f32.o)
 .ARM.attributes
                0x00000000000003c2       0x39 D:\Coso\U\IPD439\Proyecto\test_cwtf4\Core\dsplib\libarm_cortexM4lf_math.a(arm_mult_f32.o)
 .ARM.attributes
                0x00000000000003fb       0x39 D:\Coso\U\IPD439\Proyecto\test_cwtf4\Core\dsplib\libarm_cortexM4lf_math.a(arm_common_tables.o)
 .ARM.attributes
                0x0000000000000434       0x25 D:\Coso\U\IPD439\Proyecto\test_cwtf4\Core\dsplib\libarm_cortexM4lf_math.a(arm_bitreversal2.o)
 .ARM.attributes
                0x0000000000000459       0x39 D:\Coso\U\IPD439\Proyecto\test_cwtf4\Core\dsplib\libarm_cortexM4lf_math.a(arm_cfft_radix8_f32.o)
 .ARM.attributes
                0x0000000000000492       0x34 D:/STM32CubeIDE_1.13.1/STM32CubeIDE/plugins/com.st.stm32cube.ide.mcu.externaltools.gnu-tools-for-stm32.11.3.rel1.win32_1.1.1.202309131626/tools/bin/../lib/gcc/arm-none-eabi/11.3.1/../../../../arm-none-eabi/lib/thumb/v7e-m+fp/hard\libc_nano.a(libc_a-findfp.o)
 .ARM.attributes
                0x00000000000004c6       0x34 D:/STM32CubeIDE_1.13.1/STM32CubeIDE/plugins/com.st.stm32cube.ide.mcu.externaltools.gnu-tools-for-stm32.11.3.rel1.win32_1.1.1.202309131626/tools/bin/../lib/gcc/arm-none-eabi/11.3.1/../../../../arm-none-eabi/lib/thumb/v7e-m+fp/hard\libc_nano.a(libc_a-memset.o)
 .ARM.attributes
                0x00000000000004fa       0x34 D:/STM32CubeIDE_1.13.1/STM32CubeIDE/plugins/com.st.stm32cube.ide.mcu.externaltools.gnu-tools-for-stm32.11.3.rel1.win32_1.1.1.202309131626/tools/bin/../lib/gcc/arm-none-eabi/11.3.1/../../../../arm-none-eabi/lib/thumb/v7e-m+fp/hard\libc_nano.a(libc_a-impure.o)
 .ARM.attributes
                0x000000000000052e       0x34 D:/STM32CubeIDE_1.13.1/STM32CubeIDE/plugins/com.st.stm32cube.ide.mcu.externaltools.gnu-tools-for-stm32.11.3.rel1.win32_1.1.1.202309131626/tools/bin/../lib/gcc/arm-none-eabi/11.3.1/../../../../arm-none-eabi/lib/thumb/v7e-m+fp/hard\libc_nano.a(libc_a-errno.o)
 .ARM.attributes
                0x0000000000000562       0x34 D:/STM32CubeIDE_1.13.1/STM32CubeIDE/plugins/com.st.stm32cube.ide.mcu.externaltools.gnu-tools-for-stm32.11.3.rel1.win32_1.1.1.202309131626/tools/bin/../lib/gcc/arm-none-eabi/11.3.1/../../../../arm-none-eabi/lib/thumb/v7e-m+fp/hard\libc_nano.a(libc_a-init.o)
 .ARM.attributes
                0x0000000000000596       0x34 D:/STM32CubeIDE_1.13.1/STM32CubeIDE/plugins/com.st.stm32cube.ide.mcu.externaltools.gnu-tools-for-stm32.11.3.rel1.win32_1.1.1.202309131626/tools/bin/../lib/gcc/arm-none-eabi/11.3.1/../../../../arm-none-eabi/lib/thumb/v7e-m+fp/hard\libm.a(libm_a-wf_sqrt.o)
 .ARM.attributes
                0x00000000000005ca       0x34 D:/STM32CubeIDE_1.13.1/STM32CubeIDE/plugins/com.st.stm32cube.ide.mcu.externaltools.gnu-tools-for-stm32.11.3.rel1.win32_1.1.1.202309131626/tools/bin/../lib/gcc/arm-none-eabi/11.3.1/../../../../arm-none-eabi/lib/thumb/v7e-m+fp/hard\libm.a(libm_a-sf_cos.o)
 .ARM.attributes
                0x00000000000005fe       0x34 D:/STM32CubeIDE_1.13.1/STM32CubeIDE/plugins/com.st.stm32cube.ide.mcu.externaltools.gnu-tools-for-stm32.11.3.rel1.win32_1.1.1.202309131626/tools/bin/../lib/gcc/arm-none-eabi/11.3.1/../../../../arm-none-eabi/lib/thumb/v7e-m+fp/hard\libm.a(libm_a-ef_sqrt.o)
 .ARM.attributes
                0x0000000000000632       0x34 D:/STM32CubeIDE_1.13.1/STM32CubeIDE/plugins/com.st.stm32cube.ide.mcu.externaltools.gnu-tools-for-stm32.11.3.rel1.win32_1.1.1.202309131626/tools/bin/../lib/gcc/arm-none-eabi/11.3.1/../../../../arm-none-eabi/lib/thumb/v7e-m+fp/hard\libm.a(libm_a-kf_cos.o)
 .ARM.attributes
                0x0000000000000666       0x34 D:/STM32CubeIDE_1.13.1/STM32CubeIDE/plugins/com.st.stm32cube.ide.mcu.externaltools.gnu-tools-for-stm32.11.3.rel1.win32_1.1.1.202309131626/tools/bin/../lib/gcc/arm-none-eabi/11.3.1/../../../../arm-none-eabi/lib/thumb/v7e-m+fp/hard\libm.a(libm_a-kf_sin.o)
 .ARM.attributes
                0x000000000000069a       0x34 D:/STM32CubeIDE_1.13.1/STM32CubeIDE/plugins/com.st.stm32cube.ide.mcu.externaltools.gnu-tools-for-stm32.11.3.rel1.win32_1.1.1.202309131626/tools/bin/../lib/gcc/arm-none-eabi/11.3.1/../../../../arm-none-eabi/lib/thumb/v7e-m+fp/hard\libm.a(libm_a-ef_rem_pio2.o)
 .ARM.attributes
                0x00000000000006ce       0x34 D:/STM32CubeIDE_1.13.1/STM32CubeIDE/plugins/com.st.stm32cube.ide.mcu.externaltools.gnu-tools-for-stm32.11.3.rel1.win32_1.1.1.202309131626/tools/bin/../lib/gcc/arm-none-eabi/11.3.1/../../../../arm-none-eabi/lib/thumb/v7e-m+fp/hard\libm.a(libm_a-sf_fabs.o)
 .ARM.attributes
                0x0000000000000702       0x34 D:/STM32CubeIDE_1.13.1/STM32CubeIDE/plugins/com.st.stm32cube.ide.mcu.externaltools.gnu-tools-for-stm32.11.3.rel1.win32_1.1.1.202309131626/tools/bin/../lib/gcc/arm-none-eabi/11.3.1/../../../../arm-none-eabi/lib/thumb/v7e-m+fp/hard\libm.a(libm_a-kf_rem_pio2.o)
 .ARM.attributes
                0x0000000000000736       0x34 D:/STM32CubeIDE_1.13.1/STM32CubeIDE/plugins/com.st.stm32cube.ide.mcu.externaltools.gnu-tools-for-stm32.11.3.rel1.win32_1.1.1.202309131626/tools/bin/../lib/gcc/arm-none-eabi/11.3.1/../../../../arm-none-eabi/lib/thumb/v7e-m+fp/hard\libm.a(libm_a-sf_scalbn.o)
 .ARM.attributes
                0x000000000000076a       0x34 D:/STM32CubeIDE_1.13.1/STM32CubeIDE/plugins/com.st.stm32cube.ide.mcu.externaltools.gnu-tools-for-stm32.11.3.rel1.win32_1.1.1.202309131626/tools/bin/../lib/gcc/arm-none-eabi/11.3.1/../../../../arm-none-eabi/lib/thumb/v7e-m+fp/hard\libm.a(libm_a-sf_floor.o)
 .ARM.attributes
                0x000000000000079e       0x1e D:/STM32CubeIDE_1.13.1/STM32CubeIDE/plugins/com.st.stm32cube.ide.mcu.externaltools.gnu-tools-for-stm32.11.3.rel1.win32_1.1.1.202309131626/tools/bin/../lib/gcc/arm-none-eabi/11.3.1/thumb/v7e-m+fp/hard\libgcc.a(_aeabi_uldivmod.o)
 .ARM.attributes
                0x00000000000007bc       0x34 D:/STM32CubeIDE_1.13.1/STM32CubeIDE/plugins/com.st.stm32cube.ide.mcu.externaltools.gnu-tools-for-stm32.11.3.rel1.win32_1.1.1.202309131626/tools/bin/../lib/gcc/arm-none-eabi/11.3.1/thumb/v7e-m+fp/hard\libgcc.a(_udivmoddi4.o)
 .ARM.attributes
                0x00000000000007f0       0x1e D:/STM32CubeIDE_1.13.1/STM32CubeIDE/plugins/com.st.stm32cube.ide.mcu.externaltools.gnu-tools-for-stm32.11.3.rel1.win32_1.1.1.202309131626/tools/bin/../lib/gcc/arm-none-eabi/11.3.1/thumb/v7e-m+fp/hard\libgcc.a(_dvmd_tls.o)
 .ARM.attributes
                0x000000000000080e       0x1e D:/STM32CubeIDE_1.13.1/STM32CubeIDE/plugins/com.st.stm32cube.ide.mcu.externaltools.gnu-tools-for-stm32.11.3.rel1.win32_1.1.1.202309131626/tools/bin/../lib/gcc/arm-none-eabi/11.3.1/thumb/v7e-m+fp/hard/crtn.o
OUTPUT(test_cwtf4.elf elf32-littlearm)
LOAD linker stubs
LOAD D:/STM32CubeIDE_1.13.1/STM32CubeIDE/plugins/com.st.stm32cube.ide.mcu.externaltools.gnu-tools-for-stm32.11.3.rel1.win32_1.1.1.202309131626/tools/bin/../lib/gcc/arm-none-eabi/11.3.1/../../../../arm-none-eabi/lib/thumb/v7e-m+fp/hard\libc.a
LOAD D:/STM32CubeIDE_1.13.1/STM32CubeIDE/plugins/com.st.stm32cube.ide.mcu.externaltools.gnu-tools-for-stm32.11.3.rel1.win32_1.1.1.202309131626/tools/bin/../lib/gcc/arm-none-eabi/11.3.1/../../../../arm-none-eabi/lib/thumb/v7e-m+fp/hard\libm.a
LOAD D:/STM32CubeIDE_1.13.1/STM32CubeIDE/plugins/com.st.stm32cube.ide.mcu.externaltools.gnu-tools-for-stm32.11.3.rel1.win32_1.1.1.202309131626/tools/bin/../lib/gcc/arm-none-eabi/11.3.1/thumb/v7e-m+fp/hard\libgcc.a

.comment        0x0000000000000000       0xb1
 .comment       0x0000000000000000       0x43 D:/STM32CubeIDE_1.13.1/STM32CubeIDE/plugins/com.st.stm32cube.ide.mcu.externaltools.gnu-tools-for-stm32.11.3.rel1.win32_1.1.1.202309131626/tools/bin/../lib/gcc/arm-none-eabi/11.3.1/thumb/v7e-m+fp/hard/crtbegin.o
                                         0x44 (size before relaxing)
 .comment       0x0000000000000043       0x44 ./Core/Src/main.o
 .comment       0x0000000000000043       0x44 ./Core/Src/stm32f4xx_hal_msp.o
 .comment       0x0000000000000043       0x44 ./Core/Src/stm32f4xx_it.o
 .comment       0x0000000000000043       0x44 ./Core/Src/system_stm32f4xx.o
 .comment       0x0000000000000043       0x44 ./Drivers/STM32F4xx_HAL_Driver/Src/stm32f4xx_hal.o
 .comment       0x0000000000000043       0x44 ./Drivers/STM32F4xx_HAL_Driver/Src/stm32f4xx_hal_cortex.o
 .comment       0x0000000000000043       0x44 ./Drivers/STM32F4xx_HAL_Driver/Src/stm32f4xx_hal_dma.o
 .comment       0x0000000000000043       0x44 ./Drivers/STM32F4xx_HAL_Driver/Src/stm32f4xx_hal_eth.o
 .comment       0x0000000000000043       0x44 ./Drivers/STM32F4xx_HAL_Driver/Src/stm32f4xx_hal_gpio.o
 .comment       0x0000000000000043       0x44 ./Drivers/STM32F4xx_HAL_Driver/Src/stm32f4xx_hal_pcd.o
 .comment       0x0000000000000043       0x44 ./Drivers/STM32F4xx_HAL_Driver/Src/stm32f4xx_hal_rcc.o
 .comment       0x0000000000000043       0x44 ./Drivers/STM32F4xx_HAL_Driver/Src/stm32f4xx_hal_uart.o
 .comment       0x0000000000000043       0x44 ./Drivers/STM32F4xx_HAL_Driver/Src/stm32f4xx_ll_usb.o
 .comment       0x0000000000000043       0x6e D:\Coso\U\IPD439\Proyecto\test_cwtf4\Core\dsplib\libarm_cortexM4lf_math.a(arm_rfft_fast_init_f32.o)
                                         0x6f (size before relaxing)
 .comment       0x00000000000000b1       0x6f D:\Coso\U\IPD439\Proyecto\test_cwtf4\Core\dsplib\libarm_cortexM4lf_math.a(arm_rfft_fast_f32.o)
 .comment       0x00000000000000b1       0x6f D:\Coso\U\IPD439\Proyecto\test_cwtf4\Core\dsplib\libarm_cortexM4lf_math.a(arm_cfft_f32.o)
 .comment       0x00000000000000b1       0x6f D:\Coso\U\IPD439\Proyecto\test_cwtf4\Core\dsplib\libarm_cortexM4lf_math.a(arm_mult_f32.o)
 .comment       0x00000000000000b1       0x6f D:\Coso\U\IPD439\Proyecto\test_cwtf4\Core\dsplib\libarm_cortexM4lf_math.a(arm_common_tables.o)
 .comment       0x00000000000000b1       0x6f D:\Coso\U\IPD439\Proyecto\test_cwtf4\Core\dsplib\libarm_cortexM4lf_math.a(arm_cfft_radix8_f32.o)

.debug_info     0x0000000000000000    0x119b6
 .debug_info    0x0000000000000000     0x22fb ./Core/Src/main.o
 .debug_info    0x00000000000022fb     0x1a75 ./Core/Src/stm32f4xx_hal_msp.o
 .debug_info    0x0000000000003d70      0x648 ./Core/Src/stm32f4xx_it.o
 .debug_info    0x00000000000043b8      0x52e ./Core/Src/system_stm32f4xx.o
 .debug_info    0x00000000000048e6       0x23 ./Core/Startup/startup_stm32f439zitx.o
 .debug_info    0x0000000000004909      0x9c4 ./Drivers/STM32F4xx_HAL_Driver/Src/stm32f4xx_hal.o
 .debug_info    0x00000000000052cd      0xd82 ./Drivers/STM32F4xx_HAL_Driver/Src/stm32f4xx_hal_cortex.o
 .debug_info    0x000000000000604f      0x8e7 ./Drivers/STM32F4xx_HAL_Driver/Src/stm32f4xx_hal_dma.o
 .debug_info    0x0000000000006936     0x2069 ./Drivers/STM32F4xx_HAL_Driver/Src/stm32f4xx_hal_eth.o
 .debug_info    0x000000000000899f      0x6db ./Drivers/STM32F4xx_HAL_Driver/Src/stm32f4xx_hal_gpio.o
 .debug_info    0x000000000000907a     0x1541 ./Drivers/STM32F4xx_HAL_Driver/Src/stm32f4xx_hal_pcd.o
 .debug_info    0x000000000000a5bb      0x8c9 ./Drivers/STM32F4xx_HAL_Driver/Src/stm32f4xx_hal_rcc.o
 .debug_info    0x000000000000ae84     0x2fb8 ./Drivers/STM32F4xx_HAL_Driver/Src/stm32f4xx_hal_uart.o
 .debug_info    0x000000000000de3c     0x18f6 ./Drivers/STM32F4xx_HAL_Driver/Src/stm32f4xx_ll_usb.o
 .debug_info    0x000000000000f732      0x4c7 D:\Coso\U\IPD439\Proyecto\test_cwtf4\Core\dsplib\libarm_cortexM4lf_math.a(arm_rfft_fast_init_f32.o)
 .debug_info    0x000000000000fbf9      0x70d D:\Coso\U\IPD439\Proyecto\test_cwtf4\Core\dsplib\libarm_cortexM4lf_math.a(arm_rfft_fast_f32.o)
 .debug_info    0x0000000000010306      0x685 D:\Coso\U\IPD439\Proyecto\test_cwtf4\Core\dsplib\libarm_cortexM4lf_math.a(arm_cfft_f32.o)
 .debug_info    0x000000000001098b      0x1c9 D:\Coso\U\IPD439\Proyecto\test_cwtf4\Core\dsplib\libarm_cortexM4lf_math.a(arm_mult_f32.o)
 .debug_info    0x0000000000010b54      0x9b1 D:\Coso\U\IPD439\Proyecto\test_cwtf4\Core\dsplib\libarm_cortexM4lf_math.a(arm_common_tables.o)
 .debug_info    0x0000000000011505       0x98 D:\Coso\U\IPD439\Proyecto\test_cwtf4\Core\dsplib\libarm_cortexM4lf_math.a(arm_bitreversal2.o)
 .debug_info    0x000000000001159d      0x419 D:\Coso\U\IPD439\Proyecto\test_cwtf4\Core\dsplib\libarm_cortexM4lf_math.a(arm_cfft_radix8_f32.o)

.debug_abbrev   0x0000000000000000     0x2635
 .debug_abbrev  0x0000000000000000      0x370 ./Core/Src/main.o
 .debug_abbrev  0x0000000000000370      0x2b1 ./Core/Src/stm32f4xx_hal_msp.o
 .debug_abbrev  0x0000000000000621      0x176 ./Core/Src/stm32f4xx_it.o
 .debug_abbrev  0x0000000000000797      0x11a ./Core/Src/system_stm32f4xx.o
 .debug_abbrev  0x00000000000008b1       0x12 ./Core/Startup/startup_stm32f439zitx.o
 .debug_abbrev  0x00000000000008c3      0x213 ./Drivers/STM32F4xx_HAL_Driver/Src/stm32f4xx_hal.o
 .debug_abbrev  0x0000000000000ad6      0x327 ./Drivers/STM32F4xx_HAL_Driver/Src/stm32f4xx_hal_cortex.o
 .debug_abbrev  0x0000000000000dfd      0x264 ./Drivers/STM32F4xx_HAL_Driver/Src/stm32f4xx_hal_dma.o
 .debug_abbrev  0x0000000000001061      0x2ec ./Drivers/STM32F4xx_HAL_Driver/Src/stm32f4xx_hal_eth.o
 .debug_abbrev  0x000000000000134d      0x1d4 ./Drivers/STM32F4xx_HAL_Driver/Src/stm32f4xx_hal_gpio.o
 .debug_abbrev  0x0000000000001521      0x2d0 ./Drivers/STM32F4xx_HAL_Driver/Src/stm32f4xx_hal_pcd.o
 .debug_abbrev  0x00000000000017f1      0x2b6 ./Drivers/STM32F4xx_HAL_Driver/Src/stm32f4xx_hal_rcc.o
 .debug_abbrev  0x0000000000001aa7      0x30e ./Drivers/STM32F4xx_HAL_Driver/Src/stm32f4xx_hal_uart.o
 .debug_abbrev  0x0000000000001db5      0x2ac ./Drivers/STM32F4xx_HAL_Driver/Src/stm32f4xx_ll_usb.o
 .debug_abbrev  0x0000000000002061      0x108 D:\Coso\U\IPD439\Proyecto\test_cwtf4\Core\dsplib\libarm_cortexM4lf_math.a(arm_rfft_fast_init_f32.o)
 .debug_abbrev  0x0000000000002169      0x177 D:\Coso\U\IPD439\Proyecto\test_cwtf4\Core\dsplib\libarm_cortexM4lf_math.a(arm_rfft_fast_f32.o)
 .debug_abbrev  0x00000000000022e0      0x183 D:\Coso\U\IPD439\Proyecto\test_cwtf4\Core\dsplib\libarm_cortexM4lf_math.a(arm_cfft_f32.o)
 .debug_abbrev  0x0000000000002463       0x92 D:\Coso\U\IPD439\Proyecto\test_cwtf4\Core\dsplib\libarm_cortexM4lf_math.a(arm_mult_f32.o)
 .debug_abbrev  0x00000000000024f5       0x84 D:\Coso\U\IPD439\Proyecto\test_cwtf4\Core\dsplib\libarm_cortexM4lf_math.a(arm_common_tables.o)
 .debug_abbrev  0x0000000000002579       0x14 D:\Coso\U\IPD439\Proyecto\test_cwtf4\Core\dsplib\libarm_cortexM4lf_math.a(arm_bitreversal2.o)
 .debug_abbrev  0x000000000000258d       0xa8 D:\Coso\U\IPD439\Proyecto\test_cwtf4\Core\dsplib\libarm_cortexM4lf_math.a(arm_cfft_radix8_f32.o)

.debug_aranges  0x0000000000000000      0xcf0
 .debug_aranges
                0x0000000000000000       0x98 ./Core/Src/main.o
 .debug_aranges
                0x0000000000000098       0x50 ./Core/Src/stm32f4xx_hal_msp.o
 .debug_aranges
                0x00000000000000e8       0x70 ./Core/Src/stm32f4xx_it.o
 .debug_aranges
                0x0000000000000158       0x28 ./Core/Src/system_stm32f4xx.o
 .debug_aranges
                0x0000000000000180       0x28 ./Core/Startup/startup_stm32f439zitx.o
 .debug_aranges
                0x00000000000001a8      0x100 ./Drivers/STM32F4xx_HAL_Driver/Src/stm32f4xx_hal.o
 .debug_aranges
                0x00000000000002a8      0x118 ./Drivers/STM32F4xx_HAL_Driver/Src/stm32f4xx_hal_cortex.o
 .debug_aranges
                0x00000000000003c0       0x90 ./Drivers/STM32F4xx_HAL_Driver/Src/stm32f4xx_hal_dma.o
 .debug_aranges
                0x0000000000000450      0x1e0 ./Drivers/STM32F4xx_HAL_Driver/Src/stm32f4xx_hal_eth.o
 .debug_aranges
                0x0000000000000630       0x58 ./Drivers/STM32F4xx_HAL_Driver/Src/stm32f4xx_hal_gpio.o
 .debug_aranges
                0x0000000000000688      0x148 ./Drivers/STM32F4xx_HAL_Driver/Src/stm32f4xx_hal_pcd.o
 .debug_aranges
                0x00000000000007d0       0x88 ./Drivers/STM32F4xx_HAL_Driver/Src/stm32f4xx_hal_rcc.o
 .debug_aranges
                0x0000000000000858      0x200 ./Drivers/STM32F4xx_HAL_Driver/Src/stm32f4xx_hal_uart.o
 .debug_aranges
                0x0000000000000a58      0x1a0 ./Drivers/STM32F4xx_HAL_Driver/Src/stm32f4xx_ll_usb.o
 .debug_aranges
                0x0000000000000bf8       0x20 D:\Coso\U\IPD439\Proyecto\test_cwtf4\Core\dsplib\libarm_cortexM4lf_math.a(arm_rfft_fast_init_f32.o)
 .debug_aranges
                0x0000000000000c18       0x30 D:\Coso\U\IPD439\Proyecto\test_cwtf4\Core\dsplib\libarm_cortexM4lf_math.a(arm_rfft_fast_f32.o)
 .debug_aranges
                0x0000000000000c48       0x30 D:\Coso\U\IPD439\Proyecto\test_cwtf4\Core\dsplib\libarm_cortexM4lf_math.a(arm_cfft_f32.o)
 .debug_aranges
                0x0000000000000c78       0x20 D:\Coso\U\IPD439\Proyecto\test_cwtf4\Core\dsplib\libarm_cortexM4lf_math.a(arm_mult_f32.o)
 .debug_aranges
                0x0000000000000c98       0x18 D:\Coso\U\IPD439\Proyecto\test_cwtf4\Core\dsplib\libarm_cortexM4lf_math.a(arm_common_tables.o)
 .debug_aranges
                0x0000000000000cb0       0x20 D:\Coso\U\IPD439\Proyecto\test_cwtf4\Core\dsplib\libarm_cortexM4lf_math.a(arm_bitreversal2.o)
 .debug_aranges
                0x0000000000000cd0       0x20 D:\Coso\U\IPD439\Proyecto\test_cwtf4\Core\dsplib\libarm_cortexM4lf_math.a(arm_cfft_radix8_f32.o)

.debug_rnglists
                0x0000000000000000      0x951
 .debug_rnglists
                0x0000000000000000       0x80 ./Core/Src/main.o
 .debug_rnglists
                0x0000000000000080       0x3a ./Core/Src/stm32f4xx_hal_msp.o
 .debug_rnglists
                0x00000000000000ba       0x4f ./Core/Src/stm32f4xx_it.o
 .debug_rnglists
                0x0000000000000109       0x1a ./Core/Src/system_stm32f4xx.o
 .debug_rnglists
                0x0000000000000123       0x19 ./Core/Startup/startup_stm32f439zitx.o
 .debug_rnglists
                0x000000000000013c       0xbb ./Drivers/STM32F4xx_HAL_Driver/Src/stm32f4xx_hal.o
 .debug_rnglists
                0x00000000000001f7       0xce ./Drivers/STM32F4xx_HAL_Driver/Src/stm32f4xx_hal_cortex.o
 .debug_rnglists
                0x00000000000002c5       0x70 ./Drivers/STM32F4xx_HAL_Driver/Src/stm32f4xx_hal_dma.o
 .debug_rnglists
                0x0000000000000335      0x17c ./Drivers/STM32F4xx_HAL_Driver/Src/stm32f4xx_hal_eth.o
 .debug_rnglists
                0x00000000000004b1       0x3f ./Drivers/STM32F4xx_HAL_Driver/Src/stm32f4xx_hal_gpio.o
 .debug_rnglists
                0x00000000000004f0       0xfc ./Drivers/STM32F4xx_HAL_Driver/Src/stm32f4xx_hal_pcd.o
 .debug_rnglists
                0x00000000000005ec       0x66 ./Drivers/STM32F4xx_HAL_Driver/Src/stm32f4xx_hal_rcc.o
 .debug_rnglists
                0x0000000000000652      0x1b7 ./Drivers/STM32F4xx_HAL_Driver/Src/stm32f4xx_hal_uart.o
 .debug_rnglists
                0x0000000000000809      0x148 ./Drivers/STM32F4xx_HAL_Driver/Src/stm32f4xx_ll_usb.o

.debug_macro    0x0000000000000000    0x247d9
 .debug_macro   0x0000000000000000      0x324 ./Core/Src/main.o
 .debug_macro   0x0000000000000324      0xab4 ./Core/Src/main.o
 .debug_macro   0x0000000000000dd8      0x2a1 ./Core/Src/main.o
 .debug_macro   0x0000000000001079       0x2e ./Core/Src/main.o
 .debug_macro   0x00000000000010a7       0x28 ./Core/Src/main.o
 .debug_macro   0x00000000000010cf       0x22 ./Core/Src/main.o
 .debug_macro   0x00000000000010f1       0x8e ./Core/Src/main.o
 .debug_macro   0x000000000000117f       0x51 ./Core/Src/main.o
 .debug_macro   0x00000000000011d0      0x103 ./Core/Src/main.o
 .debug_macro   0x00000000000012d3       0x6a ./Core/Src/main.o
 .debug_macro   0x000000000000133d      0x1df ./Core/Src/main.o
 .debug_macro   0x000000000000151c       0x1c ./Core/Src/main.o
 .debug_macro   0x0000000000001538       0x22 ./Core/Src/main.o
 .debug_macro   0x000000000000155a       0xd9 ./Core/Src/main.o
 .debug_macro   0x0000000000001633     0x102d ./Core/Src/main.o
 .debug_macro   0x0000000000002660      0x11f ./Core/Src/main.o
 .debug_macro   0x000000000000277f    0x1860a ./Core/Src/main.o
 .debug_macro   0x000000000001ad89       0x6d ./Core/Src/main.o
 .debug_macro   0x000000000001adf6     0x36f5 ./Core/Src/main.o
 .debug_macro   0x000000000001e4eb      0x174 ./Core/Src/main.o
 .debug_macro   0x000000000001e65f       0x5c ./Core/Src/main.o
 .debug_macro   0x000000000001e6bb      0xd15 ./Core/Src/main.o
 .debug_macro   0x000000000001f3d0      0x9fe ./Core/Src/main.o
 .debug_macro   0x000000000001fdce      0x115 ./Core/Src/main.o
 .debug_macro   0x000000000001fee3      0x156 ./Core/Src/main.o
 .debug_macro   0x0000000000020039       0xa5 ./Core/Src/main.o
 .debug_macro   0x00000000000200de      0x182 ./Core/Src/main.o
 .debug_macro   0x0000000000020260      0x287 ./Core/Src/main.o
 .debug_macro   0x00000000000204e7       0x5f ./Core/Src/main.o
 .debug_macro   0x0000000000020546      0x236 ./Core/Src/main.o
 .debug_macro   0x000000000002077c      0xd44 ./Core/Src/main.o
 .debug_macro   0x00000000000214c0      0x132 ./Core/Src/main.o
 .debug_macro   0x00000000000215f2      0x41d ./Core/Src/main.o
 .debug_macro   0x0000000000021a0f       0x2e ./Core/Src/main.o
 .debug_macro   0x0000000000021a3d      0x11a ./Core/Src/main.o
 .debug_macro   0x0000000000021b57       0xe2 ./Core/Src/main.o
 .debug_macro   0x0000000000021c39       0x89 ./Core/Src/main.o
 .debug_macro   0x0000000000021cc2      0x295 ./Core/Src/main.o
 .debug_macro   0x0000000000021f57      0x248 ./Core/Src/main.o
 .debug_macro   0x000000000002219f       0xba ./Core/Src/main.o
 .debug_macro   0x0000000000022259      0x134 ./Core/Src/main.o
 .debug_macro   0x000000000002238d      0x130 ./Core/Src/main.o
 .debug_macro   0x00000000000224bd       0x61 ./Core/Src/main.o
 .debug_macro   0x000000000002251e       0x2a ./Core/Src/main.o
 .debug_macro   0x0000000000022548       0x43 ./Core/Src/main.o
 .debug_macro   0x000000000002258b       0x34 ./Core/Src/main.o
 .debug_macro   0x00000000000225bf       0x16 ./Core/Src/main.o
 .debug_macro   0x00000000000225d5       0x43 ./Core/Src/main.o
 .debug_macro   0x0000000000022618       0x34 ./Core/Src/main.o
 .debug_macro   0x000000000002264c       0x10 ./Core/Src/main.o
 .debug_macro   0x000000000002265c       0x58 ./Core/Src/main.o
 .debug_macro   0x00000000000226b4       0x8e ./Core/Src/main.o
 .debug_macro   0x0000000000022742       0x1c ./Core/Src/main.o
 .debug_macro   0x000000000002275e      0x177 ./Core/Src/main.o
 .debug_macro   0x00000000000228d5      0x369 ./Core/Src/main.o
 .debug_macro   0x0000000000022c3e       0x10 ./Core/Src/main.o
 .debug_macro   0x0000000000022c4e       0x35 ./Core/Src/main.o
 .debug_macro   0x0000000000022c83       0x20 ./Core/Src/main.o
 .debug_macro   0x0000000000022ca3       0x12 ./Core/Src/main.o
 .debug_macro   0x0000000000022cb5       0x12 ./Core/Src/main.o
 .debug_macro   0x0000000000022cc7      0x19b ./Core/Src/main.o
 .debug_macro   0x0000000000022e62       0xd6 ./Core/Src/main.o
 .debug_macro   0x0000000000022f38       0x22 ./Core/Src/main.o
 .debug_macro   0x0000000000022f5a      0x1f7 ./Core/Src/stm32f4xx_hal_msp.o
 .debug_macro   0x0000000000023151      0x201 ./Core/Src/stm32f4xx_it.o
 .debug_macro   0x0000000000023352      0x1e8 ./Core/Src/system_stm32f4xx.o
 .debug_macro   0x000000000002353a      0x248 ./Drivers/STM32F4xx_HAL_Driver/Src/stm32f4xx_hal.o
 .debug_macro   0x0000000000023782      0x1e8 ./Drivers/STM32F4xx_HAL_Driver/Src/stm32f4xx_hal_cortex.o
 .debug_macro   0x000000000002396a      0x1ee ./Drivers/STM32F4xx_HAL_Driver/Src/stm32f4xx_hal_dma.o
 .debug_macro   0x0000000000023b58      0x2c2 ./Drivers/STM32F4xx_HAL_Driver/Src/stm32f4xx_hal_eth.o
 .debug_macro   0x0000000000023e1a      0x1ee ./Drivers/STM32F4xx_HAL_Driver/Src/stm32f4xx_hal_gpio.o
 .debug_macro   0x0000000000024008      0x1f4 ./Drivers/STM32F4xx_HAL_Driver/Src/stm32f4xx_hal_pcd.o
 .debug_macro   0x00000000000241fc      0x20c ./Drivers/STM32F4xx_HAL_Driver/Src/stm32f4xx_hal_rcc.o
 .debug_macro   0x0000000000024408      0x1e9 ./Drivers/STM32F4xx_HAL_Driver/Src/stm32f4xx_hal_uart.o
 .debug_macro   0x00000000000245f1      0x1e8 ./Drivers/STM32F4xx_HAL_Driver/Src/stm32f4xx_ll_usb.o

.debug_line     0x0000000000000000     0xf172
 .debug_line    0x0000000000000000      0xce3 ./Core/Src/main.o
 .debug_line    0x0000000000000ce3      0x8c2 ./Core/Src/stm32f4xx_hal_msp.o
 .debug_line    0x00000000000015a5      0x85a ./Core/Src/stm32f4xx_it.o
 .debug_line    0x0000000000001dff      0x7e9 ./Core/Src/system_stm32f4xx.o
 .debug_line    0x00000000000025e8       0x7a ./Core/Startup/startup_stm32f439zitx.o
 .debug_line    0x0000000000002662      0xa85 ./Drivers/STM32F4xx_HAL_Driver/Src/stm32f4xx_hal.o
 .debug_line    0x00000000000030e7      0xcfe ./Drivers/STM32F4xx_HAL_Driver/Src/stm32f4xx_hal_cortex.o
 .debug_line    0x0000000000003de5      0xfb3 ./Drivers/STM32F4xx_HAL_Driver/Src/stm32f4xx_hal_dma.o
 .debug_line    0x0000000000004d98     0x19be ./Drivers/STM32F4xx_HAL_Driver/Src/stm32f4xx_hal_eth.o
 .debug_line    0x0000000000006756      0xbeb ./Drivers/STM32F4xx_HAL_Driver/Src/stm32f4xx_hal_gpio.o
 .debug_line    0x0000000000007341     0x14f6 ./Drivers/STM32F4xx_HAL_Driver/Src/stm32f4xx_hal_pcd.o
 .debug_line    0x0000000000008837      0xdc8 ./Drivers/STM32F4xx_HAL_Driver/Src/stm32f4xx_hal_rcc.o
 .debug_line    0x00000000000095ff     0x2af1 ./Drivers/STM32F4xx_HAL_Driver/Src/stm32f4xx_hal_uart.o
 .debug_line    0x000000000000c0f0     0x1b10 ./Drivers/STM32F4xx_HAL_Driver/Src/stm32f4xx_ll_usb.o
 .debug_line    0x000000000000dc00      0x1b5 D:\Coso\U\IPD439\Proyecto\test_cwtf4\Core\dsplib\libarm_cortexM4lf_math.a(arm_rfft_fast_init_f32.o)
 .debug_line    0x000000000000ddb5      0x2b2 D:\Coso\U\IPD439\Proyecto\test_cwtf4\Core\dsplib\libarm_cortexM4lf_math.a(arm_rfft_fast_f32.o)
 .debug_line    0x000000000000e067      0x73e D:\Coso\U\IPD439\Proyecto\test_cwtf4\Core\dsplib\libarm_cortexM4lf_math.a(arm_cfft_f32.o)
 .debug_line    0x000000000000e7a5      0x175 D:\Coso\U\IPD439\Proyecto\test_cwtf4\Core\dsplib\libarm_cortexM4lf_math.a(arm_mult_f32.o)
 .debug_line    0x000000000000e91a      0x135 D:\Coso\U\IPD439\Proyecto\test_cwtf4\Core\dsplib\libarm_cortexM4lf_math.a(arm_common_tables.o)
 .debug_line    0x000000000000ea4f       0xa2 D:\Coso\U\IPD439\Proyecto\test_cwtf4\Core\dsplib\libarm_cortexM4lf_math.a(arm_bitreversal2.o)
 .debug_line    0x000000000000eaf1      0x681 D:\Coso\U\IPD439\Proyecto\test_cwtf4\Core\dsplib\libarm_cortexM4lf_math.a(arm_cfft_radix8_f32.o)

.debug_str      0x0000000000000000    0xdd7a4
 .debug_str     0x0000000000000000    0xd98ca ./Core/Src/main.o
                                      0xd9c89 (size before relaxing)
 .debug_str     0x00000000000d98ca       0xd9 ./Core/Src/stm32f4xx_hal_msp.o
                                      0xd5734 (size before relaxing)
 .debug_str     0x00000000000d99a3      0x11a ./Core/Src/stm32f4xx_it.o
                                      0xd4795 (size before relaxing)
 .debug_str     0x00000000000d9abd       0xdb ./Core/Src/system_stm32f4xx.o
                                      0xd3f4f (size before relaxing)
 .debug_str     0x00000000000d9b98       0x34 ./Core/Startup/startup_stm32f439zitx.o
                                         0x5f (size before relaxing)
 .debug_str     0x00000000000d9bcc      0x652 ./Drivers/STM32F4xx_HAL_Driver/Src/stm32f4xx_hal.o
                                      0xd4b7c (size before relaxing)
 .debug_str     0x00000000000da21e      0x321 ./Drivers/STM32F4xx_HAL_Driver/Src/stm32f4xx_hal_cortex.o
                                      0xd4861 (size before relaxing)
 .debug_str     0x00000000000da53f      0x2e8 ./Drivers/STM32F4xx_HAL_Driver/Src/stm32f4xx_hal_dma.o
                                      0xd4356 (size before relaxing)
 .debug_str     0x00000000000da827     0x11ea ./Drivers/STM32F4xx_HAL_Driver/Src/stm32f4xx_hal_eth.o
                                      0xd57dc (size before relaxing)
 .debug_str     0x00000000000dba11       0xe1 ./Drivers/STM32F4xx_HAL_Driver/Src/stm32f4xx_hal_gpio.o
                                      0xd40ca (size before relaxing)
 .debug_str     0x00000000000dbaf2      0x7fd ./Drivers/STM32F4xx_HAL_Driver/Src/stm32f4xx_hal_pcd.o
                                      0xd49fe (size before relaxing)
 .debug_str     0x00000000000dc2ef      0x21f ./Drivers/STM32F4xx_HAL_Driver/Src/stm32f4xx_hal_rcc.o
                                      0xd4383 (size before relaxing)
 .debug_str     0x00000000000dc50e      0x58f ./Drivers/STM32F4xx_HAL_Driver/Src/stm32f4xx_hal_uart.o
                                      0xd490f (size before relaxing)
 .debug_str     0x00000000000dca9d      0x43f ./Drivers/STM32F4xx_HAL_Driver/Src/stm32f4xx_ll_usb.o
                                      0xd4866 (size before relaxing)
 .debug_str     0x00000000000dcedc      0x33b D:\Coso\U\IPD439\Proyecto\test_cwtf4\Core\dsplib\libarm_cortexM4lf_math.a(arm_rfft_fast_init_f32.o)
                                        0x52a (size before relaxing)
 .debug_str     0x00000000000dd217       0x74 D:\Coso\U\IPD439\Proyecto\test_cwtf4\Core\dsplib\libarm_cortexM4lf_math.a(arm_rfft_fast_f32.o)
                                        0x307 (size before relaxing)
 .debug_str     0x00000000000dd28b      0x10e D:\Coso\U\IPD439\Proyecto\test_cwtf4\Core\dsplib\libarm_cortexM4lf_math.a(arm_cfft_f32.o)
                                        0x372 (size before relaxing)
 .debug_str     0x00000000000dd399       0x8d D:\Coso\U\IPD439\Proyecto\test_cwtf4\Core\dsplib\libarm_cortexM4lf_math.a(arm_mult_f32.o)
                                        0x27d (size before relaxing)
 .debug_str     0x00000000000dd426      0x331 D:\Coso\U\IPD439\Proyecto\test_cwtf4\Core\dsplib\libarm_cortexM4lf_math.a(arm_common_tables.o)
                                        0x717 (size before relaxing)
 .debug_str     0x00000000000dd757       0x4d D:\Coso\U\IPD439\Proyecto\test_cwtf4\Core\dsplib\libarm_cortexM4lf_math.a(arm_cfft_radix8_f32.o)
                                        0x269 (size before relaxing)

.debug_frame    0x0000000000000000     0x380c
 .debug_frame   0x0000000000000000      0x210 ./Core/Src/main.o
 .debug_frame   0x0000000000000210      0x110 ./Core/Src/stm32f4xx_hal_msp.o
 .debug_frame   0x0000000000000320      0x13c ./Core/Src/stm32f4xx_it.o
 .debug_frame   0x000000000000045c       0x58 ./Core/Src/system_stm32f4xx.o
 .debug_frame   0x00000000000004b4      0x3b4 ./Drivers/STM32F4xx_HAL_Driver/Src/stm32f4xx_hal.o
 .debug_frame   0x0000000000000868      0x498 ./Drivers/STM32F4xx_HAL_Driver/Src/stm32f4xx_hal_cortex.o
 .debug_frame   0x0000000000000d00      0x250 ./Drivers/STM32F4xx_HAL_Driver/Src/stm32f4xx_hal_dma.o
 .debug_frame   0x0000000000000f50      0x898 ./Drivers/STM32F4xx_HAL_Driver/Src/stm32f4xx_hal_eth.o
 .debug_frame   0x00000000000017e8      0x14c ./Drivers/STM32F4xx_HAL_Driver/Src/stm32f4xx_hal_gpio.o
 .debug_frame   0x0000000000001934      0x5bc ./Drivers/STM32F4xx_HAL_Driver/Src/stm32f4xx_hal_pcd.o
 .debug_frame   0x0000000000001ef0      0x1f4 ./Drivers/STM32F4xx_HAL_Driver/Src/stm32f4xx_hal_rcc.o
 .debug_frame   0x00000000000020e4      0x92c ./Drivers/STM32F4xx_HAL_Driver/Src/stm32f4xx_hal_uart.o
 .debug_frame   0x0000000000002a10      0x7c0 ./Drivers/STM32F4xx_HAL_Driver/Src/stm32f4xx_ll_usb.o
 .debug_frame   0x00000000000031d0       0x34 D:\Coso\U\IPD439\Proyecto\test_cwtf4\Core\dsplib\libarm_cortexM4lf_math.a(arm_rfft_fast_init_f32.o)
 .debug_frame   0x0000000000003204       0x74 D:\Coso\U\IPD439\Proyecto\test_cwtf4\Core\dsplib\libarm_cortexM4lf_math.a(arm_rfft_fast_f32.o)
 .debug_frame   0x0000000000003278       0xfc D:\Coso\U\IPD439\Proyecto\test_cwtf4\Core\dsplib\libarm_cortexM4lf_math.a(arm_cfft_f32.o)
 .debug_frame   0x0000000000003374       0x30 D:\Coso\U\IPD439\Proyecto\test_cwtf4\Core\dsplib\libarm_cortexM4lf_math.a(arm_mult_f32.o)
 .debug_frame   0x00000000000033a4       0x94 D:\Coso\U\IPD439\Proyecto\test_cwtf4\Core\dsplib\libarm_cortexM4lf_math.a(arm_cfft_radix8_f32.o)
 .debug_frame   0x0000000000003438      0x144 D:/STM32CubeIDE_1.13.1/STM32CubeIDE/plugins/com.st.stm32cube.ide.mcu.externaltools.gnu-tools-for-stm32.11.3.rel1.win32_1.1.1.202309131626/tools/bin/../lib/gcc/arm-none-eabi/11.3.1/../../../../arm-none-eabi/lib/thumb/v7e-m+fp/hard\libc_nano.a(libc_a-findfp.o)
 .debug_frame   0x000000000000357c       0x20 D:/STM32CubeIDE_1.13.1/STM32CubeIDE/plugins/com.st.stm32cube.ide.mcu.externaltools.gnu-tools-for-stm32.11.3.rel1.win32_1.1.1.202309131626/tools/bin/../lib/gcc/arm-none-eabi/11.3.1/../../../../arm-none-eabi/lib/thumb/v7e-m+fp/hard\libc_nano.a(libc_a-memset.o)
 .debug_frame   0x000000000000359c       0x20 D:/STM32CubeIDE_1.13.1/STM32CubeIDE/plugins/com.st.stm32cube.ide.mcu.externaltools.gnu-tools-for-stm32.11.3.rel1.win32_1.1.1.202309131626/tools/bin/../lib/gcc/arm-none-eabi/11.3.1/../../../../arm-none-eabi/lib/thumb/v7e-m+fp/hard\libc_nano.a(libc_a-errno.o)
 .debug_frame   0x00000000000035bc       0x2c D:/STM32CubeIDE_1.13.1/STM32CubeIDE/plugins/com.st.stm32cube.ide.mcu.externaltools.gnu-tools-for-stm32.11.3.rel1.win32_1.1.1.202309131626/tools/bin/../lib/gcc/arm-none-eabi/11.3.1/../../../../arm-none-eabi/lib/thumb/v7e-m+fp/hard\libc_nano.a(libc_a-init.o)
 .debug_frame   0x00000000000035e8       0x38 D:/STM32CubeIDE_1.13.1/STM32CubeIDE/plugins/com.st.stm32cube.ide.mcu.externaltools.gnu-tools-for-stm32.11.3.rel1.win32_1.1.1.202309131626/tools/bin/../lib/gcc/arm-none-eabi/11.3.1/../../../../arm-none-eabi/lib/thumb/v7e-m+fp/hard\libm.a(libm_a-wf_sqrt.o)
 .debug_frame   0x0000000000003620       0x38 D:/STM32CubeIDE_1.13.1/STM32CubeIDE/plugins/com.st.stm32cube.ide.mcu.externaltools.gnu-tools-for-stm32.11.3.rel1.win32_1.1.1.202309131626/tools/bin/../lib/gcc/arm-none-eabi/11.3.1/../../../../arm-none-eabi/lib/thumb/v7e-m+fp/hard\libm.a(libm_a-sf_cos.o)
 .debug_frame   0x0000000000003658       0x20 D:/STM32CubeIDE_1.13.1/STM32CubeIDE/plugins/com.st.stm32cube.ide.mcu.externaltools.gnu-tools-for-stm32.11.3.rel1.win32_1.1.1.202309131626/tools/bin/../lib/gcc/arm-none-eabi/11.3.1/../../../../arm-none-eabi/lib/thumb/v7e-m+fp/hard\libm.a(libm_a-ef_sqrt.o)
 .debug_frame   0x0000000000003678       0x20 D:/STM32CubeIDE_1.13.1/STM32CubeIDE/plugins/com.st.stm32cube.ide.mcu.externaltools.gnu-tools-for-stm32.11.3.rel1.win32_1.1.1.202309131626/tools/bin/../lib/gcc/arm-none-eabi/11.3.1/../../../../arm-none-eabi/lib/thumb/v7e-m+fp/hard\libm.a(libm_a-kf_cos.o)
 .debug_frame   0x0000000000003698       0x20 D:/STM32CubeIDE_1.13.1/STM32CubeIDE/plugins/com.st.stm32cube.ide.mcu.externaltools.gnu-tools-for-stm32.11.3.rel1.win32_1.1.1.202309131626/tools/bin/../lib/gcc/arm-none-eabi/11.3.1/../../../../arm-none-eabi/lib/thumb/v7e-m+fp/hard\libm.a(libm_a-kf_sin.o)
 .debug_frame   0x00000000000036b8       0x38 D:/STM32CubeIDE_1.13.1/STM32CubeIDE/plugins/com.st.stm32cube.ide.mcu.externaltools.gnu-tools-for-stm32.11.3.rel1.win32_1.1.1.202309131626/tools/bin/../lib/gcc/arm-none-eabi/11.3.1/../../../../arm-none-eabi/lib/thumb/v7e-m+fp/hard\libm.a(libm_a-ef_rem_pio2.o)
 .debug_frame   0x00000000000036f0       0x20 D:/STM32CubeIDE_1.13.1/STM32CubeIDE/plugins/com.st.stm32cube.ide.mcu.externaltools.gnu-tools-for-stm32.11.3.rel1.win32_1.1.1.202309131626/tools/bin/../lib/gcc/arm-none-eabi/11.3.1/../../../../arm-none-eabi/lib/thumb/v7e-m+fp/hard\libm.a(libm_a-sf_fabs.o)
 .debug_frame   0x0000000000003710       0x5c D:/STM32CubeIDE_1.13.1/STM32CubeIDE/plugins/com.st.stm32cube.ide.mcu.externaltools.gnu-tools-for-stm32.11.3.rel1.win32_1.1.1.202309131626/tools/bin/../lib/gcc/arm-none-eabi/11.3.1/../../../../arm-none-eabi/lib/thumb/v7e-m+fp/hard\libm.a(libm_a-kf_rem_pio2.o)
 .debug_frame   0x000000000000376c       0x20 D:/STM32CubeIDE_1.13.1/STM32CubeIDE/plugins/com.st.stm32cube.ide.mcu.externaltools.gnu-tools-for-stm32.11.3.rel1.win32_1.1.1.202309131626/tools/bin/../lib/gcc/arm-none-eabi/11.3.1/../../../../arm-none-eabi/lib/thumb/v7e-m+fp/hard\libm.a(libm_a-sf_scalbn.o)
 .debug_frame   0x000000000000378c       0x20 D:/STM32CubeIDE_1.13.1/STM32CubeIDE/plugins/com.st.stm32cube.ide.mcu.externaltools.gnu-tools-for-stm32.11.3.rel1.win32_1.1.1.202309131626/tools/bin/../lib/gcc/arm-none-eabi/11.3.1/../../../../arm-none-eabi/lib/thumb/v7e-m+fp/hard\libm.a(libm_a-sf_floor.o)
 .debug_frame   0x00000000000037ac       0x2c D:/STM32CubeIDE_1.13.1/STM32CubeIDE/plugins/com.st.stm32cube.ide.mcu.externaltools.gnu-tools-for-stm32.11.3.rel1.win32_1.1.1.202309131626/tools/bin/../lib/gcc/arm-none-eabi/11.3.1/thumb/v7e-m+fp/hard\libgcc.a(_aeabi_uldivmod.o)