../Core/Src/main.c:135:5:main	8	static
../Core/Src/main.c:183:6:SystemClock_Config	88	static
../Core/Src/main.c:229:13:MX_ETH_Init	8	static
../Core/Src/main.c:278:13:MX_USART3_UART_Init	8	static
../Core/Src/main.c:311:13:MX_USB_OTG_FS_PCD_Init	8	static
../Core/Src/main.c:344:13:MX_DMA_Init	16	static
../Core/Src/main.c:362:13:MX_GPIO_Init	56	static
../Core/Src/main.c:413:6:AudioDSP_Init	8	static
../Core/Src/main.c:424:13:InitHanningWindow	16	static
../Core/Src/main.c:433:13:StartUartDmaReception	8	static
../Core/Src/main.c:438:6:HAL_UART_RxCpltCallback	16	static
../Core/Src/main.c:447:6:AudioDSP_Task	8	static
../Core/Src/main.c:459:13:Process1sPseudoCWT_F32	48	static
../Core/Src/main.c:492:13:SendBandMatrix	16	static
../Core/Src/main.c:500:6:HAL_UART_ErrorCallback	24	static
../Core/Src/main.c:516:6:Error_Handler	4	static,ignoring_inline_asm
