../Core/Src/main.c:124:5:main	8	static
../Core/Src/main.c:170:6:SystemClock_Config	96	static
../Core/Src/main.c:220:13:MX_USART2_UART_Init	8	static
../Core/Src/main.c:253:13:MX_DMA_Init	16	static
../Core/Src/main.c:271:13:MX_GPIO_Init	48	static
../Core/Src/main.c:304:6:AudioDSP_Init	8	static
../Core/Src/main.c:315:13:InitHanningWindow	16	static
../Core/Src/main.c:323:13:StartUartDmaReception	8	static
../Core/Src/main.c:327:6:HAL_UART_RxCpltCallback	16	static
../Core/Src/main.c:336:6:AudioDSP_Task	8	static
../Core/Src/main.c:348:13:Process1sPseudoCWT_F32	48	static
../Core/Src/main.c:381:13:SendBandMatrix	16	static
../Core/Src/main.c:389:6:HAL_UART_ErrorCallback	24	static
../Core/Src/main.c:405:6:Error_Handler	4	static,ignoring_inline_asm
