../Core/Src/main.c:124:5:main	1
../Core/Src/main.c:170:6:SystemClock_Config	4
../Core/Src/main.c:220:13:MX_USART2_UART_Init	2
../Core/Src/main.c:253:13:MX_DMA_Init	1
../Core/Src/main.c:271:13:MX_GPIO_Init	1
../Core/Src/main.c:304:6:AudioDSP_Init	1
../Core/Src/main.c:315:13:InitHanningWindow	2
../Core/Src/main.c:323:13:StartUartDmaReception	1
../Core/Src/main.c:327:6:HAL_UART_RxCpltCallback	2
../Core/Src/main.c:336:6:AudioDSP_Task	2
../Core/Src/main.c:348:13:Process1sPseudoCWT_F32	7
../Core/Src/main.c:381:13:SendBandMatrix	1
../Core/Src/main.c:389:6:HAL_UART_ErrorCallback	2
../Core/Src/main.c:405:6:Error_Handler	1
