../Core/Src/main.c:106:5:main	8	static
../Core/Src/main.c:154:6:SystemClock_Config	88	static
../Core/Src/main.c:200:13:MX_ETH_Init	8	static
../Core/Src/main.c:249:13:MX_USART3_UART_Init	8	static
../Core/Src/main.c:282:13:MX_USB_OTG_FS_PCD_Init	8	static
../Core/Src/main.c:315:13:MX_DMA_Init	16	static
../Core/Src/main.c:333:13:MX_GPIO_Init	56	static
../Core/Src/main.c:384:6:AudioDSP_Init	8	static
../Core/Src/main.c:394:13:InitScales	24	static
../Core/Src/main.c:404:13:StartUartDmaReception	8	static
../Core/Src/main.c:409:6:HAL_UART_RxCpltCallback	16	static
../Core/Src/main.c:417:6:AudioDSP_Task	8	static
../Core/Src/main.c:429:13:ProcessCWT_F32	72	static
../Core/Src/main.c:463:13:SendScaleMatrix	16	static
../Core/Src/main.c:476:6:HAL_UART_ErrorCallback	24	static
../Core/Src/main.c:490:6:Error_Handler	4	static,ignoring_inline_asm
